#
# There is insufficient memory for the Java Runtime Environment to continue.
# Native memory allocation (malloc) failed to allocate 1088176 bytes for Chunk::new
# Possible reasons:
#   The system is out of physical RAM or swap space
#   The process is running with CompressedOops enabled, and the Java Heap may be blocking the growth of the native heap
# Possible solutions:
#   Reduce memory load on the system
#   Increase physical memory or swap space
#   Check if swap backing store is full
#   Decrease Java heap size (-Xmx/-Xms)
#   Decrease number of Java threads
#   Decrease Java thread stack sizes (-Xss)
#   Set larger code cache with -XX:ReservedCodeCacheSize=
#   JVM is running with Unscaled Compressed Oops mode in which the Java heap is
#     placed in the first 4GB address space. The Java Heap base address is the
#     maximum limit for the native heap growth. Please use -XX:HeapBaseMinAddress
#     to set the Java Heap base and to place the Java Heap above 4GB virtual address.
# This output file may be truncated or incomplete.
#
#  Out of Memory Error (arena.cpp:184), pid=27364, tid=29272
#
# JRE version: OpenJDK Runtime Environment Temurin-19.0.2+7 (19.0.2+7) (build 19.0.2+7)
# Java VM: OpenJDK 64-Bit Server VM Temurin-19.0.2+7 (19.0.2+7, mixed mode, sharing, tiered, compressed oops, compressed class ptrs, g1 gc, windows-amd64)
# No core dump will be written. Minidumps are not enabled by default on client versions of Windows
#

---------------  S U M M A R Y ------------

Command Line: --add-modules=ALL-SYSTEM --add-opens=java.base/java.util=ALL-UNNAMED --add-opens=java.base/java.lang=ALL-UNNAMED -Declipse.application=org.python.pydev.pydev_lsp.application -Dosgi.bundles.defaultStartLevel=4 -Declipse.product=org.python.pydev.pydev_lsp.product -Xmx1G -XX:+UseG1GC -XX:+UseStringDeduplication c:\Users\mchen\.vscode\extensions\fabioz.vscode-pydev-0.15.3\server\plugins\org.eclipse.equinox.launcher_1.6.700.v20240213-1244.jar -configuration c:\Users\mchen\.vscode\extensions\fabioz.vscode-pydev-0.15.3\server\config_win -data c:\Users\mchen\AppData\Roaming\Code\User\workspaceStorage\77566d568e0684a8cd6537688c36c214\fabioz.vscode-pydev\pydev_ws

Host: 11th Gen Intel(R) Core(TM) i7-11390H @ 3.40GHz, 8 cores, 15G,  Windows 11 , 64 bit Build 26100 (10.0.26100.4484)
Time: Sun Jul 13 15:39:13 2025 India Standard Time elapsed time: 945.612575 seconds (0d 0h 15m 45s)

---------------  T H R E A D  ---------------

Current thread (0x000001d7e8c37a70):  JavaThread "C2 CompilerThread0" daemon [_thread_in_native, id=29272, stack(0x000000d506d00000,0x000000d506e00000)]


Current CompileTask:
C2: 945612 9023   !   4       org.python.pydev.parser.grammar310.TreeBuilder310::onCloseNode (5028 bytes)

Stack: [0x000000d506d00000,0x000000d506e00000]
Native frames: (J=compiled Java code, j=interpreted, Vv=VM code, C=native code)
V  [jvm.dll+0x6e9e1a]
V  [jvm.dll+0x8a36c0]
V  [jvm.dll+0x8a50ae]
V  [jvm.dll+0x8a5763]
V  [jvm.dll+0x27bcdf]
V  [jvm.dll+0xc221f]
V  [jvm.dll+0xc2595]
V  [jvm.dll+0x2f2acf]
V  [jvm.dll+0x5ea39e]
V  [jvm.dll+0x24e233]
V  [jvm.dll+0x246d0e]
V  [jvm.dll+0x244565]
V  [jvm.dll+0x1cf4b1]
V  [jvm.dll+0x254229]
V  [jvm.dll+0x252418]
V  [jvm.dll+0x85403d]
V  [jvm.dll+0x84de3a]
V  [jvm.dll+0x6e8abb]
C  [ucrtbase.dll+0x37b0]
C  [KERNEL32.DLL+0x2e8d7]
C  [ntdll.dll+0x3c34c]


---------------  P R O C E S S  ---------------

Threads class SMR info:
_java_thread_list=0x000001d7e9e3f9b0, length=30, elements={
0x000001d7ca97fc90, 0x000001d7e8c0b8f0, 0x000001d7e8c0bfd0, 0x000001d7e8c161d0,
0x000001d7e8c18860, 0x000001d7e8c1e050, 0x000001d7e8c27830, 0x000001d7e8c37a70,
0x000001d7e8c6d740, 0x000001d7e8c6f940, 0x000001d7e8d5fb20, 0x000001d7e8e0b0c0,
0x000001d7e94f08d0, 0x000001d7e94c0e90, 0x000001d7e94c13d0, 0x000001d7e9587fe0,
0x000001d7e9aef450, 0x000001d7ea7240d0, 0x000001d7ea723b80, 0x000001d7ea725610,
0x000001d7ea724620, 0x000001d7e9507f70, 0x000001d7e9508f60, 0x000001d7e95094b0,
0x000001d7e9506a30, 0x000001d7e9505f90, 0x000001d7e9508a10, 0x000001d7e95054f0,
0x000001d7e8c6b050, 0x000001d7e8c6c100
}

Java Threads: ( => current thread )
  0x000001d7ca97fc90 JavaThread "main" [_thread_blocked, id=28688, stack(0x000000d505f00000,0x000000d506000000)]
  0x000001d7e8c0b8f0 JavaThread "Reference Handler" daemon [_thread_blocked, id=14808, stack(0x000000d506700000,0x000000d506800000)]
  0x000001d7e8c0bfd0 JavaThread "Finalizer" daemon [_thread_blocked, id=29292, stack(0x000000d506800000,0x000000d506900000)]
  0x000001d7e8c161d0 JavaThread "Signal Dispatcher" daemon [_thread_blocked, id=13848, stack(0x000000d506900000,0x000000d506a00000)]
  0x000001d7e8c18860 JavaThread "Attach Listener" daemon [_thread_blocked, id=5356, stack(0x000000d506a00000,0x000000d506b00000)]
  0x000001d7e8c1e050 JavaThread "Service Thread" daemon [_thread_blocked, id=9816, stack(0x000000d506b00000,0x000000d506c00000)]
  0x000001d7e8c27830 JavaThread "Monitor Deflation Thread" daemon [_thread_blocked, id=27128, stack(0x000000d506c00000,0x000000d506d00000)]
=>0x000001d7e8c37a70 JavaThread "C2 CompilerThread0" daemon [_thread_in_native, id=29272, stack(0x000000d506d00000,0x000000d506e00000)]
  0x000001d7e8c6d740 JavaThread "C1 CompilerThread0" daemon [_thread_in_native, id=6416, stack(0x000000d506e00000,0x000000d506f00000)]
  0x000001d7e8c6f940 JavaThread "Sweeper thread" daemon [_thread_blocked, id=24744, stack(0x000000d506f00000,0x000000d507000000)]
  0x000001d7e8d5fb20 JavaThread "Common-Cleaner" daemon [_thread_blocked, id=1772, stack(0x000000d507000000,0x000000d507100000)]
  0x000001d7e8e0b0c0 JavaThread "Notification Thread" daemon [_thread_blocked, id=13924, stack(0x000000d507100000,0x000000d507200000)]
  0x000001d7e94f08d0 JavaThread "Active Thread: Equinox Container: a3150b68-b263-494d-a8d6-b2ffe8fac954" [_thread_blocked, id=19620, stack(0x000000d507500000,0x000000d507600000)]
  0x000001d7e94c0e90 JavaThread "Framework Event Dispatcher: Equinox Container: a3150b68-b263-494d-a8d6-b2ffe8fac954" daemon [_thread_blocked, id=7928, stack(0x000000d507400000,0x000000d507500000)]
  0x000001d7e94c13d0 JavaThread "Start Level: Equinox Container: a3150b68-b263-494d-a8d6-b2ffe8fac954" daemon [_thread_blocked, id=27136, stack(0x000000d507600000,0x000000d507700000)]
  0x000001d7e9587fe0 JavaThread "SCR Component Actor" daemon [_thread_blocked, id=15368, stack(0x000000d507e00000,0x000000d507f00000)]
  0x000001d7e9aef450 JavaThread "Worker-JM" [_thread_blocked, id=4044, stack(0x000000d508000000,0x000000d508100000)]
  0x000001d7ea7240d0 JavaThread "pool-2-thread-1" [_thread_in_native, id=17192, stack(0x000000d508700000,0x000000d508800000)]
  0x000001d7ea723b80 JavaThread "pool-1-thread-1" [_thread_in_native, id=29596, stack(0x000000d508800000,0x000000d508900000)]
  0x000001d7ea725610 JavaThread "Thread-9" daemon [_thread_blocked, id=24132, stack(0x000000d508900000,0x000000d508a00000)]
  0x000001d7ea724620 JavaThread "ForkJoinPool.commonPool-worker-2" daemon [_thread_blocked, id=15896, stack(0x000000d508a00000,0x000000d508b00000)]
  0x000001d7e9507f70 JavaThread "Shell reader (stdout)" daemon [_thread_in_native, id=14940, stack(0x000000d505e00000,0x000000d505f00000)]
  0x000001d7e9508f60 JavaThread "Shell reader (stderr)" daemon [_thread_in_native, id=26116, stack(0x000000d508100000,0x000000d508200000)]
  0x000001d7e95094b0 JavaThread "Worker-5: Win32 refresh daemon" [_thread_in_native, id=23236, stack(0x000000d508e00000,0x000000d508f00000)]
  0x000001d7e9506a30 JavaThread "Worker-7" [_thread_blocked, id=29524, stack(0x000000d505d00000,0x000000d505e00000)]
  0x000001d7e9505f90 JavaThread "ForkJoinPool.commonPool-worker-7" daemon [_thread_in_Java, id=27764, stack(0x000000d505c00000,0x000000d505d00000)]
  0x000001d7e9508a10 JavaThread "Worker-10" [_thread_blocked, id=12040, stack(0x000000d507f00000,0x000000d508000000)]
  0x000001d7e95054f0 JavaThread "Worker-11" [_thread_blocked, id=23132, stack(0x000000d508200000,0x000000d508300000)]
  0x000001d7e8c6b050 JavaThread "C2 CompilerThread1" daemon [_thread_in_native, id=15464, stack(0x000000d508300000,0x000000d508400000)]
  0x000001d7e8c6c100 JavaThread "C2 CompilerThread2" daemon [_thread_in_native, id=20204, stack(0x000000d508400000,0x000000d508500000)]

Other Threads:
  0x000001d7e4a42520 VMThread "VM Thread" [stack: 0x000000d506600000,0x000000d506700000] [id=19464]
  0x000001d7e8e1df00 WatcherThread "VM Periodic Task Thread" [stack: 0x000000d507200000,0x000000d507300000] [id=17912]
  0x000001d7ca9c6440 WorkerThread "GC Thread#0" [stack: 0x000000d506000000,0x000000d506100000] [id=27336]
  0x000001d7e940eae0 WorkerThread "GC Thread#1" [stack: 0x000000d507700000,0x000000d507800000] [id=26616]
  0x000001d7e940f350 WorkerThread "GC Thread#2" [stack: 0x000000d507800000,0x000000d507900000] [id=28256]
  0x000001d7e940f620 WorkerThread "GC Thread#3" [stack: 0x000000d507900000,0x000000d507a00000] [id=4960]
  0x000001d7e9410160 WorkerThread "GC Thread#4" [stack: 0x000000d507a00000,0x000000d507b00000] [id=14780]
  0x000001d7e940fe90 WorkerThread "GC Thread#5" [stack: 0x000000d507b00000,0x000000d507c00000] [id=23540]
  0x000001d7e9410700 WorkerThread "GC Thread#6" [stack: 0x000000d507c00000,0x000000d507d00000] [id=23040]
  0x000001d7e9410430 WorkerThread "GC Thread#7" [stack: 0x000000d507d00000,0x000000d507e00000] [id=14448]
  0x000001d7ca9cf2a0 ConcurrentGCThread "G1 Main Marker" [stack: 0x000000d506100000,0x000000d506200000] [id=28076]
  0x000001d7ca9d0a40 WorkerThread "G1 Conc#0" [stack: 0x000000d506200000,0x000000d506300000] [id=21500]
  0x000001d7eb048590 WorkerThread "G1 Conc#1" [stack: 0x000000d507300000,0x000000d507400000] [id=19700]
  0x000001d7e48f9220 ConcurrentGCThread "G1 Refine#0" [stack: 0x000000d506300000,0x000000d506400000] [id=10704]
  0x000001d7e48faa20 ConcurrentGCThread "G1 Service" [stack: 0x000000d506400000,0x000000d506500000] [id=26488]
  0x000001d7e4a3eb70 ConcurrentGCThread "StringDedupProcessor" [stack: 0x000000d506500000,0x000000d506600000] [id=29252]

Threads with active compile tasks:
C2 CompilerThread0   945650 9023   !   4       org.python.pydev.parser.grammar310.TreeBuilder310::onCloseNode (5028 bytes)
C1 CompilerThread0   945650 9081   !   3       org.python.pydev.parser.grammar312.PythonGrammar312TokenManager::jjMoveNfa_0 (7456 bytes)
C2 CompilerThread1   945650 9025   !   4       org.python.pydev.parser.grammarcommon.AbstractTreeBuilder::closeNode (2124 bytes)
C2 CompilerThread2   945650 9037   !   4       org.python.pydev.parser.grammar310.PythonGrammar310::atom (2870 bytes)

VM state: not at safepoint (normal execution)

VM Mutex/Monitor currently owned by a thread: None

Heap address: 0x00000000c0000000, size: 1024 MB, Compressed Oops mode: 32-bit

CDS archive(s) mapped at: [0x0000000800000000-0x0000000800ad0000-0x0000000800ad0000), size 11337728, SharedBaseAddress: 0x0000000800000000, ArchiveRelocationMode: 0.
Compressed class space mapped at: 0x0000000800c00000-0x0000000840c00000, reserved size: 1073741824
Narrow klass base: 0x0000000800000000, Narrow klass shift: 0, Narrow klass range: 0x100000000

GC Precious Log:
 CardTable entry size: 512
 Card Set container configuration: InlinePtr #cards 5 size 8 Array Of Cards #cards 12 size 40 Howl #buckets 4 coarsen threshold 1843 Howl Bitmap #cards 512 size 80 coarsen threshold 460 Card regions per heap region 1 cards per card region 2048
 CPUs: 8 total, 8 available
 Memory: 16122M
 Large Page Support: Disabled
 NUMA Support: Disabled
 Compressed Oops: Enabled (32-bit)
 Heap Region Size: 1M
 Heap Min Capacity: 8M
 Heap Initial Capacity: 252M
 Heap Max Capacity: 1G
 Pre-touch: Disabled
 Parallel Workers: 8
 Concurrent Workers: 2
 Concurrent Refinement Workers: 8
 Periodic GC: Disabled
 String Deduplication is enabled

Heap:
 garbage-first heap   total 222208K, used 121068K [0x00000000c0000000, 0x0000000100000000)
  region size 1024K, 25 young (25600K), 8 survivors (8192K)
 Metaspace       used 29984K, committed 30912K, reserved 1114112K
  class space    used 2809K, committed 3264K, reserved 1048576K

Heap Regions: E=young(eden), S=young(survivor), O=old, HS=humongous(starts), HC=humongous(continues), CS=collection set, F=free, OA=open archive, CA=closed archive, TAMS=top-at-mark-start (previous, next)
|   0|0x00000000c0000000, 0x00000000c0100000, 0x00000000c0100000|100%| O|  |TAMS 0x00000000c0100000, 0x00000000c0000000| Untracked 
|   1|0x00000000c0100000, 0x00000000c0200000, 0x00000000c0200000|100%| O|  |TAMS 0x00000000c0200000, 0x00000000c0100000| Untracked 
|   2|0x00000000c0200000, 0x00000000c0300000, 0x00000000c0300000|100%| O|  |TAMS 0x00000000c0300000, 0x00000000c0200000| Untracked 
|   3|0x00000000c0300000, 0x00000000c0400000, 0x00000000c0400000|100%| O|  |TAMS 0x00000000c0400000, 0x00000000c0300000| Untracked 
|   4|0x00000000c0400000, 0x00000000c0500000, 0x00000000c0500000|100%| O|  |TAMS 0x00000000c0500000, 0x00000000c0400000| Untracked 
|   5|0x00000000c0500000, 0x00000000c0600000, 0x00000000c0600000|100%| O|  |TAMS 0x00000000c0600000, 0x00000000c0500000| Untracked 
|   6|0x00000000c0600000, 0x00000000c0700000, 0x00000000c0700000|100%| O|  |TAMS 0x00000000c0700000, 0x00000000c0600000| Untracked 
|   7|0x00000000c0700000, 0x00000000c0800000, 0x00000000c0800000|100%| O|  |TAMS 0x00000000c0800000, 0x00000000c0700000| Untracked 
|   8|0x00000000c0800000, 0x00000000c0900000, 0x00000000c0900000|100%| O|  |TAMS 0x00000000c0900000, 0x00000000c0800000| Untracked 
|   9|0x00000000c0900000, 0x00000000c0a00000, 0x00000000c0a00000|100%| O|  |TAMS 0x00000000c0a00000, 0x00000000c0900000| Untracked 
|  10|0x00000000c0a00000, 0x00000000c0b00000, 0x00000000c0b00000|100%| O|  |TAMS 0x00000000c0b00000, 0x00000000c0a00000| Untracked 
|  11|0x00000000c0b00000, 0x00000000c0c00000, 0x00000000c0c00000|100%| O|  |TAMS 0x00000000c0c00000, 0x00000000c0b00000| Untracked 
|  12|0x00000000c0c00000, 0x00000000c0d00000, 0x00000000c0d00000|100%| O|  |TAMS 0x00000000c0c00000, 0x00000000c0c00000| Untracked 
|  13|0x00000000c0d00000, 0x00000000c0e00000, 0x00000000c0e00000|100%| O|  |TAMS 0x00000000c0d00000, 0x00000000c0d00000| Untracked 
|  14|0x00000000c0e00000, 0x00000000c0f00000, 0x00000000c0f00000|100%| O|  |TAMS 0x00000000c0f00000, 0x00000000c0e00000| Untracked 
|  15|0x00000000c0f00000, 0x00000000c1000000, 0x00000000c1000000|100%| O|  |TAMS 0x00000000c0f00000, 0x00000000c0f00000| Untracked 
|  16|0x00000000c1000000, 0x00000000c10c0200, 0x00000000c1100000| 75%| O|  |TAMS 0x00000000c1000000, 0x00000000c1000000| Untracked 
|  17|0x00000000c1100000, 0x00000000c1100000, 0x00000000c1200000|  0%| F|  |TAMS 0x00000000c1100000, 0x00000000c1100000| Untracked 
|  18|0x00000000c1200000, 0x00000000c1300000, 0x00000000c1300000|100%| O|  |TAMS 0x00000000c1200000, 0x00000000c1200000| Untracked 
|  19|0x00000000c1300000, 0x00000000c1400000, 0x00000000c1400000|100%|HS|  |TAMS 0x00000000c1400000, 0x00000000c1300000| Complete 
|  20|0x00000000c1400000, 0x00000000c1500000, 0x00000000c1500000|100%| O|  |TAMS 0x00000000c1500000, 0x00000000c1400000| Untracked 
|  21|0x00000000c1500000, 0x00000000c1600000, 0x00000000c1600000|100%| O|  |TAMS 0x00000000c1600000, 0x00000000c1500000| Untracked 
|  22|0x00000000c1600000, 0x00000000c1700000, 0x00000000c1700000|100%| O|  |TAMS 0x00000000c1700000, 0x00000000c1600000| Untracked 
|  23|0x00000000c1700000, 0x00000000c1800000, 0x00000000c1800000|100%| O|  |TAMS 0x00000000c1800000, 0x00000000c1700000| Untracked 
|  24|0x00000000c1800000, 0x00000000c1900000, 0x00000000c1900000|100%| O|  |TAMS 0x00000000c1900000, 0x00000000c1800000| Untracked 
|  25|0x00000000c1900000, 0x00000000c1a00000, 0x00000000c1a00000|100%| O|  |TAMS 0x00000000c1a00000, 0x00000000c1900000| Untracked 
|  26|0x00000000c1a00000, 0x00000000c1b00000, 0x00000000c1b00000|100%| O|  |TAMS 0x00000000c1b00000, 0x00000000c1a00000| Untracked 
|  27|0x00000000c1b00000, 0x00000000c1b00000, 0x00000000c1c00000|  0%| F|  |TAMS 0x00000000c1b00000, 0x00000000c1b00000| Untracked 
|  28|0x00000000c1c00000, 0x00000000c1d00000, 0x00000000c1d00000|100%| O|  |TAMS 0x00000000c1d00000, 0x00000000c1c00000| Untracked 
|  29|0x00000000c1d00000, 0x00000000c1d00000, 0x00000000c1e00000|  0%| F|  |TAMS 0x00000000c1d00000, 0x00000000c1d00000| Untracked 
|  30|0x00000000c1e00000, 0x00000000c1e00000, 0x00000000c1f00000|  0%| F|  |TAMS 0x00000000c1e00000, 0x00000000c1e00000| Untracked 
|  31|0x00000000c1f00000, 0x00000000c2000000, 0x00000000c2000000|100%| O|  |TAMS 0x00000000c2000000, 0x00000000c1f00000| Untracked 
|  32|0x00000000c2000000, 0x00000000c2100000, 0x00000000c2100000|100%| O|  |TAMS 0x00000000c2100000, 0x00000000c2000000| Untracked 
|  33|0x00000000c2100000, 0x00000000c2200000, 0x00000000c2200000|100%| O|  |TAMS 0x00000000c2200000, 0x00000000c2100000| Untracked 
|  34|0x00000000c2200000, 0x00000000c2300000, 0x00000000c2300000|100%| O|  |TAMS 0x00000000c2300000, 0x00000000c2200000| Untracked 
|  35|0x00000000c2300000, 0x00000000c2400000, 0x00000000c2400000|100%| O|  |TAMS 0x00000000c2400000, 0x00000000c2300000| Untracked 
|  36|0x00000000c2400000, 0x00000000c2500000, 0x00000000c2500000|100%| O|  |TAMS 0x00000000c2500000, 0x00000000c2400000| Untracked 
|  37|0x00000000c2500000, 0x00000000c2600000, 0x00000000c2600000|100%| O|  |TAMS 0x00000000c2600000, 0x00000000c2500000| Untracked 
|  38|0x00000000c2600000, 0x00000000c2700000, 0x00000000c2700000|100%| O|  |TAMS 0x00000000c2700000, 0x00000000c2600000| Untracked 
|  39|0x00000000c2700000, 0x00000000c2800000, 0x00000000c2800000|100%| O|  |TAMS 0x00000000c2800000, 0x00000000c2700000| Untracked 
|  40|0x00000000c2800000, 0x00000000c2900000, 0x00000000c2900000|100%| O|  |TAMS 0x00000000c2900000, 0x00000000c2800000| Untracked 
|  41|0x00000000c2900000, 0x00000000c2a00000, 0x00000000c2a00000|100%| O|  |TAMS 0x00000000c2a00000, 0x00000000c2900000| Untracked 
|  42|0x00000000c2a00000, 0x00000000c2b00000, 0x00000000c2b00000|100%| O|  |TAMS 0x00000000c2b00000, 0x00000000c2a00000| Untracked 
|  43|0x00000000c2b00000, 0x00000000c2b00000, 0x00000000c2c00000|  0%| F|  |TAMS 0x00000000c2b00000, 0x00000000c2b00000| Untracked 
|  44|0x00000000c2c00000, 0x00000000c2c00000, 0x00000000c2d00000|  0%| F|  |TAMS 0x00000000c2c00000, 0x00000000c2c00000| Untracked 
|  45|0x00000000c2d00000, 0x00000000c2d00000, 0x00000000c2e00000|  0%| F|  |TAMS 0x00000000c2d00000, 0x00000000c2d00000| Untracked 
|  46|0x00000000c2e00000, 0x00000000c2e00000, 0x00000000c2f00000|  0%| F|  |TAMS 0x00000000c2e00000, 0x00000000c2e00000| Untracked 
|  47|0x00000000c2f00000, 0x00000000c2f00000, 0x00000000c3000000|  0%| F|  |TAMS 0x00000000c2f00000, 0x00000000c2f00000| Untracked 
|  48|0x00000000c3000000, 0x00000000c3100000, 0x00000000c3100000|100%| O|  |TAMS 0x00000000c3100000, 0x00000000c3000000| Untracked 
|  49|0x00000000c3100000, 0x00000000c3200000, 0x00000000c3200000|100%| O|  |TAMS 0x00000000c3200000, 0x00000000c3100000| Untracked 
|  50|0x00000000c3200000, 0x00000000c3300000, 0x00000000c3300000|100%| O|  |TAMS 0x00000000c3300000, 0x00000000c3200000| Untracked 
|  51|0x00000000c3300000, 0x00000000c3400000, 0x00000000c3400000|100%| O|  |TAMS 0x00000000c3400000, 0x00000000c3300000| Untracked 
|  52|0x00000000c3400000, 0x00000000c3500000, 0x00000000c3500000|100%| O|  |TAMS 0x00000000c3500000, 0x00000000c3400000| Untracked 
|  53|0x00000000c3500000, 0x00000000c3600000, 0x00000000c3600000|100%| O|  |TAMS 0x00000000c3600000, 0x00000000c3500000| Untracked 
|  54|0x00000000c3600000, 0x00000000c3600000, 0x00000000c3700000|  0%| F|  |TAMS 0x00000000c3600000, 0x00000000c3600000| Untracked 
|  55|0x00000000c3700000, 0x00000000c3800000, 0x00000000c3800000|100%| O|  |TAMS 0x00000000c3800000, 0x00000000c3700000| Untracked 
|  56|0x00000000c3800000, 0x00000000c3800000, 0x00000000c3900000|  0%| F|  |TAMS 0x00000000c3800000, 0x00000000c3800000| Untracked 
|  57|0x00000000c3900000, 0x00000000c3900000, 0x00000000c3a00000|  0%| F|  |TAMS 0x00000000c3900000, 0x00000000c3900000| Untracked 
|  58|0x00000000c3a00000, 0x00000000c3b00000, 0x00000000c3b00000|100%| O|  |TAMS 0x00000000c3b00000, 0x00000000c3a00000| Untracked 
|  59|0x00000000c3b00000, 0x00000000c3c00000, 0x00000000c3c00000|100%| O|  |TAMS 0x00000000c3c00000, 0x00000000c3b00000| Untracked 
|  60|0x00000000c3c00000, 0x00000000c3d00000, 0x00000000c3d00000|100%| O|  |TAMS 0x00000000c3d00000, 0x00000000c3c00000| Untracked 
|  61|0x00000000c3d00000, 0x00000000c3e00000, 0x00000000c3e00000|100%| O|  |TAMS 0x00000000c3da8800, 0x00000000c3d00000| Untracked 
|  62|0x00000000c3e00000, 0x00000000c3f00000, 0x00000000c3f00000|100%| O|  |TAMS 0x00000000c3e00000, 0x00000000c3e00000| Untracked 
|  63|0x00000000c3f00000, 0x00000000c4000000, 0x00000000c4000000|100%| O|  |TAMS 0x00000000c3f00000, 0x00000000c3f00000| Untracked 
|  64|0x00000000c4000000, 0x00000000c4100000, 0x00000000c4100000|100%| O|  |TAMS 0x00000000c4000000, 0x00000000c4000000| Untracked 
|  65|0x00000000c4100000, 0x00000000c4200000, 0x00000000c4200000|100%| O|  |TAMS 0x00000000c4200000, 0x00000000c4100000| Untracked 
|  66|0x00000000c4200000, 0x00000000c4300000, 0x00000000c4300000|100%| O|  |TAMS 0x00000000c4300000, 0x00000000c4200000| Untracked 
|  67|0x00000000c4300000, 0x00000000c4400000, 0x00000000c4400000|100%| O|  |TAMS 0x00000000c4400000, 0x00000000c4300000| Untracked 
|  68|0x00000000c4400000, 0x00000000c4400000, 0x00000000c4500000|  0%| F|  |TAMS 0x00000000c4400000, 0x00000000c4400000| Untracked 
|  69|0x00000000c4500000, 0x00000000c4600000, 0x00000000c4600000|100%| O|  |TAMS 0x00000000c4600000, 0x00000000c4500000| Untracked 
|  70|0x00000000c4600000, 0x00000000c4700000, 0x00000000c4700000|100%| O|  |TAMS 0x00000000c4700000, 0x00000000c4600000| Untracked 
|  71|0x00000000c4700000, 0x00000000c4800000, 0x00000000c4800000|100%| O|  |TAMS 0x00000000c4800000, 0x00000000c4700000| Untracked 
|  72|0x00000000c4800000, 0x00000000c4900000, 0x00000000c4900000|100%| O|  |TAMS 0x00000000c4800000, 0x00000000c4800000| Untracked 
|  73|0x00000000c4900000, 0x00000000c4a00000, 0x00000000c4a00000|100%| O|  |TAMS 0x00000000c4900000, 0x00000000c4900000| Untracked 
|  74|0x00000000c4a00000, 0x00000000c4b00000, 0x00000000c4b00000|100%| O|  |TAMS 0x00000000c4b00000, 0x00000000c4a00000| Untracked 
|  75|0x00000000c4b00000, 0x00000000c4c00000, 0x00000000c4c00000|100%| O|  |TAMS 0x00000000c4b00000, 0x00000000c4b00000| Untracked 
|  76|0x00000000c4c00000, 0x00000000c4d00000, 0x00000000c4d00000|100%| O|  |TAMS 0x00000000c4c00000, 0x00000000c4c00000| Untracked 
|  77|0x00000000c4d00000, 0x00000000c4e00000, 0x00000000c4e00000|100%| O|  |TAMS 0x00000000c4e00000, 0x00000000c4d00000| Untracked 
|  78|0x00000000c4e00000, 0x00000000c4f00000, 0x00000000c4f00000|100%| O|  |TAMS 0x00000000c4f00000, 0x00000000c4e00000| Untracked 
|  79|0x00000000c4f00000, 0x00000000c5000000, 0x00000000c5000000|100%| O|  |TAMS 0x00000000c5000000, 0x00000000c4f00000| Untracked 
|  80|0x00000000c5000000, 0x00000000c5100000, 0x00000000c5100000|100%| O|  |TAMS 0x00000000c5100000, 0x00000000c5000000| Untracked 
|  81|0x00000000c5100000, 0x00000000c5200000, 0x00000000c5200000|100%| O|  |TAMS 0x00000000c5100000, 0x00000000c5100000| Untracked 
|  82|0x00000000c5200000, 0x00000000c5200000, 0x00000000c5300000|  0%| F|  |TAMS 0x00000000c5200000, 0x00000000c5200000| Untracked 
|  83|0x00000000c5300000, 0x00000000c5300000, 0x00000000c5400000|  0%| F|  |TAMS 0x00000000c5300000, 0x00000000c5300000| Untracked 
|  84|0x00000000c5400000, 0x00000000c5400000, 0x00000000c5500000|  0%| F|  |TAMS 0x00000000c5400000, 0x00000000c5400000| Untracked 
|  85|0x00000000c5500000, 0x00000000c5500000, 0x00000000c5600000|  0%| F|  |TAMS 0x00000000c5500000, 0x00000000c5500000| Untracked 
|  86|0x00000000c5600000, 0x00000000c5600000, 0x00000000c5700000|  0%| F|  |TAMS 0x00000000c5600000, 0x00000000c5600000| Untracked 
|  87|0x00000000c5700000, 0x00000000c5700000, 0x00000000c5800000|  0%| F|  |TAMS 0x00000000c5700000, 0x00000000c5700000| Untracked 
|  88|0x00000000c5800000, 0x00000000c5800000, 0x00000000c5900000|  0%| F|  |TAMS 0x00000000c5800000, 0x00000000c5800000| Untracked 
|  89|0x00000000c5900000, 0x00000000c5a00000, 0x00000000c5a00000|100%| O|  |TAMS 0x00000000c5a00000, 0x00000000c5900000| Untracked 
|  90|0x00000000c5a00000, 0x00000000c5b00000, 0x00000000c5b00000|100%| O|  |TAMS 0x00000000c5b00000, 0x00000000c5a00000| Untracked 
|  91|0x00000000c5b00000, 0x00000000c5c00000, 0x00000000c5c00000|100%| O|  |TAMS 0x00000000c5c00000, 0x00000000c5b00000| Untracked 
|  92|0x00000000c5c00000, 0x00000000c5d00000, 0x00000000c5d00000|100%| O|  |TAMS 0x00000000c5d00000, 0x00000000c5c00000| Untracked 
|  93|0x00000000c5d00000, 0x00000000c5d00000, 0x00000000c5e00000|  0%| F|  |TAMS 0x00000000c5d00000, 0x00000000c5d00000| Untracked 
|  94|0x00000000c5e00000, 0x00000000c5f00000, 0x00000000c5f00000|100%| O|  |TAMS 0x00000000c5f00000, 0x00000000c5e00000| Untracked 
|  95|0x00000000c5f00000, 0x00000000c6000000, 0x00000000c6000000|100%| O|  |TAMS 0x00000000c6000000, 0x00000000c5f00000| Untracked 
|  96|0x00000000c6000000, 0x00000000c6100000, 0x00000000c6100000|100%| O|  |TAMS 0x00000000c6100000, 0x00000000c6000000| Untracked 
|  97|0x00000000c6100000, 0x00000000c6100000, 0x00000000c6200000|  0%| F|  |TAMS 0x00000000c6100000, 0x00000000c6100000| Untracked 
|  98|0x00000000c6200000, 0x00000000c627b060, 0x00000000c6300000| 48%| S|CS|TAMS 0x00000000c6200000, 0x00000000c6200000| Complete 
|  99|0x00000000c6300000, 0x00000000c6400000, 0x00000000c6400000|100%| S|CS|TAMS 0x00000000c6300000, 0x00000000c6300000| Complete 
| 100|0x00000000c6400000, 0x00000000c6500000, 0x00000000c6500000|100%| S|CS|TAMS 0x00000000c6400000, 0x00000000c6400000| Complete 
| 101|0x00000000c6500000, 0x00000000c6600000, 0x00000000c6600000|100%| S|CS|TAMS 0x00000000c6500000, 0x00000000c6500000| Complete 
| 102|0x00000000c6600000, 0x00000000c6700000, 0x00000000c6700000|100%| S|CS|TAMS 0x00000000c6600000, 0x00000000c6600000| Complete 
| 103|0x00000000c6700000, 0x00000000c6800000, 0x00000000c6800000|100%| O|  |TAMS 0x00000000c6800000, 0x00000000c6700000| Untracked 
| 104|0x00000000c6800000, 0x00000000c6900000, 0x00000000c6900000|100%| O|  |TAMS 0x00000000c6900000, 0x00000000c6800000| Untracked 
| 105|0x00000000c6900000, 0x00000000c6a00000, 0x00000000c6a00000|100%| S|CS|TAMS 0x00000000c6900000, 0x00000000c6900000| Complete 
| 106|0x00000000c6a00000, 0x00000000c6a00000, 0x00000000c6b00000|  0%| F|  |TAMS 0x00000000c6a00000, 0x00000000c6a00000| Untracked 
| 107|0x00000000c6b00000, 0x00000000c6b00000, 0x00000000c6c00000|  0%| F|  |TAMS 0x00000000c6b00000, 0x00000000c6b00000| Untracked 
| 108|0x00000000c6c00000, 0x00000000c6d00000, 0x00000000c6d00000|100%| S|CS|TAMS 0x00000000c6c00000, 0x00000000c6c00000| Complete 
| 109|0x00000000c6d00000, 0x00000000c6e00000, 0x00000000c6e00000|100%| S|CS|TAMS 0x00000000c6d00000, 0x00000000c6d00000| Complete 
| 110|0x00000000c6e00000, 0x00000000c6e00000, 0x00000000c6f00000|  0%| F|  |TAMS 0x00000000c6e00000, 0x00000000c6e00000| Untracked 
| 111|0x00000000c6f00000, 0x00000000c6f00000, 0x00000000c7000000|  0%| F|  |TAMS 0x00000000c6f00000, 0x00000000c6f00000| Untracked 
| 112|0x00000000c7000000, 0x00000000c7000000, 0x00000000c7100000|  0%| F|  |TAMS 0x00000000c7000000, 0x00000000c7000000| Untracked 
| 113|0x00000000c7100000, 0x00000000c7100000, 0x00000000c7200000|  0%| F|  |TAMS 0x00000000c7100000, 0x00000000c7100000| Untracked 
| 114|0x00000000c7200000, 0x00000000c7200000, 0x00000000c7300000|  0%| F|  |TAMS 0x00000000c7200000, 0x00000000c7200000| Untracked 
| 115|0x00000000c7300000, 0x00000000c7300000, 0x00000000c7400000|  0%| F|  |TAMS 0x00000000c7300000, 0x00000000c7300000| Untracked 
| 116|0x00000000c7400000, 0x00000000c7500000, 0x00000000c7500000|100%| O|  |TAMS 0x00000000c7500000, 0x00000000c7400000| Untracked 
| 117|0x00000000c7500000, 0x00000000c7500000, 0x00000000c7600000|  0%| F|  |TAMS 0x00000000c7500000, 0x00000000c7500000| Untracked 
| 118|0x00000000c7600000, 0x00000000c7700000, 0x00000000c7700000|100%| O|  |TAMS 0x00000000c7700000, 0x00000000c7600000| Untracked 
| 119|0x00000000c7700000, 0x00000000c7800000, 0x00000000c7800000|100%| O|  |TAMS 0x00000000c7800000, 0x00000000c7700000| Untracked 
| 120|0x00000000c7800000, 0x00000000c7900000, 0x00000000c7900000|100%| O|  |TAMS 0x00000000c7900000, 0x00000000c7800000| Untracked 
| 121|0x00000000c7900000, 0x00000000c7900000, 0x00000000c7a00000|  0%| F|  |TAMS 0x00000000c7900000, 0x00000000c7900000| Untracked 
| 122|0x00000000c7a00000, 0x00000000c7a00000, 0x00000000c7b00000|  0%| F|  |TAMS 0x00000000c7a00000, 0x00000000c7a00000| Untracked 
| 123|0x00000000c7b00000, 0x00000000c7b00000, 0x00000000c7c00000|  0%| F|  |TAMS 0x00000000c7b00000, 0x00000000c7b00000| Untracked 
| 124|0x00000000c7c00000, 0x00000000c7c00000, 0x00000000c7d00000|  0%| F|  |TAMS 0x00000000c7c00000, 0x00000000c7c00000| Untracked 
| 125|0x00000000c7d00000, 0x00000000c7d00000, 0x00000000c7e00000|  0%| F|  |TAMS 0x00000000c7d00000, 0x00000000c7d00000| Untracked 
| 126|0x00000000c7e00000, 0x00000000c7e00000, 0x00000000c7f00000|  0%| F|  |TAMS 0x00000000c7e00000, 0x00000000c7e00000| Untracked 
| 127|0x00000000c7f00000, 0x00000000c7f00000, 0x00000000c8000000|  0%| F|  |TAMS 0x00000000c7f00000, 0x00000000c7f00000| Untracked 
| 128|0x00000000c8000000, 0x00000000c8000000, 0x00000000c8100000|  0%| F|  |TAMS 0x00000000c8000000, 0x00000000c8000000| Untracked 
| 129|0x00000000c8100000, 0x00000000c8100000, 0x00000000c8200000|  0%| F|  |TAMS 0x00000000c8100000, 0x00000000c8100000| Untracked 
| 130|0x00000000c8200000, 0x00000000c8200000, 0x00000000c8300000|  0%| F|  |TAMS 0x00000000c8200000, 0x00000000c8200000| Untracked 
| 131|0x00000000c8300000, 0x00000000c8300000, 0x00000000c8400000|  0%| F|  |TAMS 0x00000000c8300000, 0x00000000c8300000| Untracked 
| 132|0x00000000c8400000, 0x00000000c8400000, 0x00000000c8500000|  0%| F|  |TAMS 0x00000000c8400000, 0x00000000c8400000| Untracked 
| 133|0x00000000c8500000, 0x00000000c8500000, 0x00000000c8600000|  0%| F|  |TAMS 0x00000000c8500000, 0x00000000c8500000| Untracked 
| 134|0x00000000c8600000, 0x00000000c8600000, 0x00000000c8700000|  0%| F|  |TAMS 0x00000000c8600000, 0x00000000c8600000| Untracked 
| 135|0x00000000c8700000, 0x00000000c8700000, 0x00000000c8800000|  0%| F|  |TAMS 0x00000000c8700000, 0x00000000c8700000| Untracked 
| 136|0x00000000c8800000, 0x00000000c8800000, 0x00000000c8900000|  0%| F|  |TAMS 0x00000000c8800000, 0x00000000c8800000| Untracked 
| 137|0x00000000c8900000, 0x00000000c8900000, 0x00000000c8a00000|  0%| F|  |TAMS 0x00000000c8900000, 0x00000000c8900000| Untracked 
| 138|0x00000000c8a00000, 0x00000000c8a00000, 0x00000000c8b00000|  0%| F|  |TAMS 0x00000000c8a00000, 0x00000000c8a00000| Untracked 
| 139|0x00000000c8b00000, 0x00000000c8b00000, 0x00000000c8c00000|  0%| F|  |TAMS 0x00000000c8b00000, 0x00000000c8b00000| Untracked 
| 140|0x00000000c8c00000, 0x00000000c8c00000, 0x00000000c8d00000|  0%| F|  |TAMS 0x00000000c8c00000, 0x00000000c8c00000| Untracked 
| 141|0x00000000c8d00000, 0x00000000c8d00000, 0x00000000c8e00000|  0%| F|  |TAMS 0x00000000c8d00000, 0x00000000c8d00000| Untracked 
| 142|0x00000000c8e00000, 0x00000000c8e00000, 0x00000000c8f00000|  0%| F|  |TAMS 0x00000000c8e00000, 0x00000000c8e00000| Untracked 
| 143|0x00000000c8f00000, 0x00000000c8f00000, 0x00000000c9000000|  0%| F|  |TAMS 0x00000000c8f00000, 0x00000000c8f00000| Untracked 
| 144|0x00000000c9000000, 0x00000000c9000000, 0x00000000c9100000|  0%| F|  |TAMS 0x00000000c9000000, 0x00000000c9000000| Untracked 
| 145|0x00000000c9100000, 0x00000000c9100000, 0x00000000c9200000|  0%| F|  |TAMS 0x00000000c9100000, 0x00000000c9100000| Untracked 
| 146|0x00000000c9200000, 0x00000000c9200000, 0x00000000c9300000|  0%| F|  |TAMS 0x00000000c9200000, 0x00000000c9200000| Untracked 
| 147|0x00000000c9300000, 0x00000000c9300000, 0x00000000c9400000|  0%| F|  |TAMS 0x00000000c9300000, 0x00000000c9300000| Untracked 
| 148|0x00000000c9400000, 0x00000000c9400000, 0x00000000c9500000|  0%| F|  |TAMS 0x00000000c9400000, 0x00000000c9400000| Untracked 
| 149|0x00000000c9500000, 0x00000000c9500000, 0x00000000c9600000|  0%| F|  |TAMS 0x00000000c9500000, 0x00000000c9500000| Untracked 
| 150|0x00000000c9600000, 0x00000000c9600000, 0x00000000c9700000|  0%| F|  |TAMS 0x00000000c9600000, 0x00000000c9600000| Untracked 
| 151|0x00000000c9700000, 0x00000000c9700000, 0x00000000c9800000|  0%| F|  |TAMS 0x00000000c9700000, 0x00000000c9700000| Untracked 
| 152|0x00000000c9800000, 0x00000000c9800000, 0x00000000c9900000|  0%| F|  |TAMS 0x00000000c9800000, 0x00000000c9800000| Untracked 
| 153|0x00000000c9900000, 0x00000000c9900000, 0x00000000c9a00000|  0%| F|  |TAMS 0x00000000c9900000, 0x00000000c9900000| Untracked 
| 154|0x00000000c9a00000, 0x00000000c9a00000, 0x00000000c9b00000|  0%| F|  |TAMS 0x00000000c9a00000, 0x00000000c9a00000| Untracked 
| 155|0x00000000c9b00000, 0x00000000c9b00000, 0x00000000c9c00000|  0%| F|  |TAMS 0x00000000c9b00000, 0x00000000c9b00000| Untracked 
| 156|0x00000000c9c00000, 0x00000000c9c00000, 0x00000000c9d00000|  0%| F|  |TAMS 0x00000000c9c00000, 0x00000000c9c00000| Untracked 
| 157|0x00000000c9d00000, 0x00000000c9d00000, 0x00000000c9e00000|  0%| F|  |TAMS 0x00000000c9d00000, 0x00000000c9d00000| Untracked 
| 158|0x00000000c9e00000, 0x00000000c9e00000, 0x00000000c9f00000|  0%| F|  |TAMS 0x00000000c9e00000, 0x00000000c9e00000| Untracked 
| 159|0x00000000c9f00000, 0x00000000c9f00000, 0x00000000ca000000|  0%| F|  |TAMS 0x00000000c9f00000, 0x00000000c9f00000| Untracked 
| 160|0x00000000ca000000, 0x00000000ca000000, 0x00000000ca100000|  0%| F|  |TAMS 0x00000000ca000000, 0x00000000ca000000| Untracked 
| 161|0x00000000ca100000, 0x00000000ca100000, 0x00000000ca200000|  0%| F|  |TAMS 0x00000000ca100000, 0x00000000ca100000| Untracked 
| 162|0x00000000ca200000, 0x00000000ca200000, 0x00000000ca300000|  0%| F|  |TAMS 0x00000000ca200000, 0x00000000ca200000| Untracked 
| 163|0x00000000ca300000, 0x00000000ca300000, 0x00000000ca400000|  0%| F|  |TAMS 0x00000000ca300000, 0x00000000ca300000| Untracked 
| 164|0x00000000ca400000, 0x00000000ca400000, 0x00000000ca500000|  0%| F|  |TAMS 0x00000000ca400000, 0x00000000ca400000| Untracked 
| 165|0x00000000ca500000, 0x00000000ca500000, 0x00000000ca600000|  0%| F|  |TAMS 0x00000000ca500000, 0x00000000ca500000| Untracked 
| 166|0x00000000ca600000, 0x00000000ca600000, 0x00000000ca700000|  0%| F|  |TAMS 0x00000000ca600000, 0x00000000ca600000| Untracked 
| 167|0x00000000ca700000, 0x00000000ca700000, 0x00000000ca800000|  0%| F|  |TAMS 0x00000000ca700000, 0x00000000ca700000| Untracked 
| 168|0x00000000ca800000, 0x00000000ca800000, 0x00000000ca900000|  0%| F|  |TAMS 0x00000000ca800000, 0x00000000ca800000| Untracked 
| 169|0x00000000ca900000, 0x00000000ca900000, 0x00000000caa00000|  0%| F|  |TAMS 0x00000000ca900000, 0x00000000ca900000| Untracked 
| 170|0x00000000caa00000, 0x00000000caa00000, 0x00000000cab00000|  0%| F|  |TAMS 0x00000000caa00000, 0x00000000caa00000| Untracked 
| 171|0x00000000cab00000, 0x00000000cab00000, 0x00000000cac00000|  0%| F|  |TAMS 0x00000000cab00000, 0x00000000cab00000| Untracked 
| 172|0x00000000cac00000, 0x00000000cac00000, 0x00000000cad00000|  0%| F|  |TAMS 0x00000000cac00000, 0x00000000cac00000| Untracked 
| 173|0x00000000cad00000, 0x00000000cad00000, 0x00000000cae00000|  0%| F|  |TAMS 0x00000000cad00000, 0x00000000cad00000| Untracked 
| 174|0x00000000cae00000, 0x00000000cae00000, 0x00000000caf00000|  0%| F|  |TAMS 0x00000000cae00000, 0x00000000cae00000| Untracked 
| 175|0x00000000caf00000, 0x00000000caf00000, 0x00000000cb000000|  0%| F|  |TAMS 0x00000000caf00000, 0x00000000caf00000| Untracked 
| 176|0x00000000cb000000, 0x00000000cb000000, 0x00000000cb100000|  0%| F|  |TAMS 0x00000000cb000000, 0x00000000cb000000| Untracked 
| 177|0x00000000cb100000, 0x00000000cb100000, 0x00000000cb200000|  0%| F|  |TAMS 0x00000000cb100000, 0x00000000cb100000| Untracked 
| 178|0x00000000cb200000, 0x00000000cb200000, 0x00000000cb300000|  0%| F|  |TAMS 0x00000000cb200000, 0x00000000cb200000| Untracked 
| 179|0x00000000cb300000, 0x00000000cb300000, 0x00000000cb400000|  0%| F|  |TAMS 0x00000000cb300000, 0x00000000cb300000| Untracked 
| 180|0x00000000cb400000, 0x00000000cb400000, 0x00000000cb500000|  0%| F|  |TAMS 0x00000000cb400000, 0x00000000cb400000| Untracked 
| 181|0x00000000cb500000, 0x00000000cb500000, 0x00000000cb600000|  0%| F|  |TAMS 0x00000000cb500000, 0x00000000cb500000| Untracked 
| 182|0x00000000cb600000, 0x00000000cb600000, 0x00000000cb700000|  0%| F|  |TAMS 0x00000000cb600000, 0x00000000cb600000| Untracked 
| 183|0x00000000cb700000, 0x00000000cb700000, 0x00000000cb800000|  0%| F|  |TAMS 0x00000000cb700000, 0x00000000cb700000| Untracked 
| 184|0x00000000cb800000, 0x00000000cb800000, 0x00000000cb900000|  0%| F|  |TAMS 0x00000000cb800000, 0x00000000cb800000| Untracked 
| 185|0x00000000cb900000, 0x00000000cb944e48, 0x00000000cba00000| 26%| E|  |TAMS 0x00000000cb900000, 0x00000000cb900000| Complete 
| 186|0x00000000cba00000, 0x00000000cbb00000, 0x00000000cbb00000|100%| E|CS|TAMS 0x00000000cba00000, 0x00000000cba00000| Complete 
| 187|0x00000000cbb00000, 0x00000000cbc00000, 0x00000000cbc00000|100%| E|CS|TAMS 0x00000000cbb00000, 0x00000000cbb00000| Complete 
| 188|0x00000000cbc00000, 0x00000000cbcffd58, 0x00000000cbd00000| 99%| E|  |TAMS 0x00000000cbc00000, 0x00000000cbc00000| Complete 
| 189|0x00000000cbd00000, 0x00000000cbe00000, 0x00000000cbe00000|100%| E|CS|TAMS 0x00000000cbd00000, 0x00000000cbd00000| Complete 
| 190|0x00000000cbe00000, 0x00000000cbf00000, 0x00000000cbf00000|100%| E|CS|TAMS 0x00000000cbe00000, 0x00000000cbe00000| Complete 
| 191|0x00000000cbf00000, 0x00000000cc000000, 0x00000000cc000000|100%| E|CS|TAMS 0x00000000cbf00000, 0x00000000cbf00000| Complete 
| 192|0x00000000cc000000, 0x00000000cc100000, 0x00000000cc100000|100%| E|CS|TAMS 0x00000000cc000000, 0x00000000cc000000| Complete 
| 193|0x00000000cc100000, 0x00000000cc200000, 0x00000000cc200000|100%| E|CS|TAMS 0x00000000cc100000, 0x00000000cc100000| Complete 
| 194|0x00000000cc200000, 0x00000000cc300000, 0x00000000cc300000|100%| E|CS|TAMS 0x00000000cc200000, 0x00000000cc200000| Complete 
| 195|0x00000000cc300000, 0x00000000cc400000, 0x00000000cc400000|100%| E|CS|TAMS 0x00000000cc300000, 0x00000000cc300000| Complete 
| 196|0x00000000cc400000, 0x00000000cc500000, 0x00000000cc500000|100%| E|CS|TAMS 0x00000000cc400000, 0x00000000cc400000| Complete 
| 249|0x00000000cf900000, 0x00000000cfa00000, 0x00000000cfa00000|100%| E|CS|TAMS 0x00000000cf900000, 0x00000000cf900000| Complete 
| 250|0x00000000cfa00000, 0x00000000cfb00000, 0x00000000cfb00000|100%| E|CS|TAMS 0x00000000cfa00000, 0x00000000cfa00000| Complete 
| 251|0x00000000cfb00000, 0x00000000cfc00000, 0x00000000cfc00000|100%| E|CS|TAMS 0x00000000cfb00000, 0x00000000cfb00000| Complete 
|1007|0x00000000fef00000, 0x00000000ff000000, 0x00000000ff000000|100%| O|  |TAMS 0x00000000ff000000, 0x00000000fef00000| Untracked 
|1008|0x00000000ff000000, 0x00000000ff100000, 0x00000000ff100000|100%| O|  |TAMS 0x00000000ff100000, 0x00000000ff000000| Untracked 
|1009|0x00000000ff100000, 0x00000000ff200000, 0x00000000ff200000|100%| O|  |TAMS 0x00000000ff200000, 0x00000000ff100000| Untracked 
|1010|0x00000000ff200000, 0x00000000ff300000, 0x00000000ff300000|100%| O|  |TAMS 0x00000000ff300000, 0x00000000ff200000| Untracked 
|1011|0x00000000ff300000, 0x00000000ff400000, 0x00000000ff400000|100%| O|  |TAMS 0x00000000ff400000, 0x00000000ff300000| Untracked 
|1012|0x00000000ff400000, 0x00000000ff500000, 0x00000000ff500000|100%| O|  |TAMS 0x00000000ff500000, 0x00000000ff400000| Untracked 
|1013|0x00000000ff500000, 0x00000000ff600000, 0x00000000ff600000|100%| O|  |TAMS 0x00000000ff600000, 0x00000000ff500000| Untracked 
|1014|0x00000000ff600000, 0x00000000ff700000, 0x00000000ff700000|100%| O|  |TAMS 0x00000000ff700000, 0x00000000ff600000| Untracked 
|1015|0x00000000ff700000, 0x00000000ff800000, 0x00000000ff800000|100%| O|  |TAMS 0x00000000ff800000, 0x00000000ff700000| Untracked 
|1016|0x00000000ff800000, 0x00000000ff900000, 0x00000000ff900000|100%| O|  |TAMS 0x00000000ff900000, 0x00000000ff800000| Untracked 
|1017|0x00000000ff900000, 0x00000000ffa00000, 0x00000000ffa00000|100%| O|  |TAMS 0x00000000ffa00000, 0x00000000ff900000| Untracked 
|1018|0x00000000ffa00000, 0x00000000ffb00000, 0x00000000ffb00000|100%| O|  |TAMS 0x00000000ffb00000, 0x00000000ffa00000| Untracked 
|1019|0x00000000ffb00000, 0x00000000ffc00000, 0x00000000ffc00000|100%| O|  |TAMS 0x00000000ffc00000, 0x00000000ffb00000| Untracked 
|1020|0x00000000ffc00000, 0x00000000ffd00000, 0x00000000ffd00000|100%| O|  |TAMS 0x00000000ffd00000, 0x00000000ffc00000| Untracked 
|1021|0x00000000ffd00000, 0x00000000ffe00000, 0x00000000ffe00000|100%| E|CS|TAMS 0x00000000ffd00000, 0x00000000ffd00000| Complete 
|1022|0x00000000ffe00000, 0x00000000fff00000, 0x00000000fff00000|100%| E|CS|TAMS 0x00000000ffe00000, 0x00000000ffe00000| Complete 
|1023|0x00000000fff00000, 0x0000000100000000, 0x0000000100000000|100%| E|CS|TAMS 0x00000000fff00000, 0x00000000fff00000| Complete 

Card table byte_map: [0x000001d7dfbc0000,0x000001d7dfdc0000] _byte_map_base: 0x000001d7df5c0000

Marking Bits (Prev, Next): (CMBitMap*) 0x000001d7ca9c69b0, (CMBitMap*) 0x000001d7ca9c6970
 Prev Bits: [0x000001d7e0fc0000, 0x000001d7e1fc0000)
 Next Bits: [0x000001d7dffc0000, 0x000001d7e0fc0000)

Polling page: 0x000001d7caa40000

Metaspace:

Usage:
  Non-class:     26.54 MB used.
      Class:      2.74 MB used.
       Both:     29.28 MB used.

Virtual space:
  Non-class space:       64.00 MB reserved,      27.00 MB ( 42%) committed,  1 nodes.
      Class space:        1.00 GB reserved,       3.19 MB ( <1%) committed,  1 nodes.
             Both:        1.06 GB reserved,      30.19 MB (  3%) committed. 

Chunk freelists:
   Non-Class:  912.00 KB
       Class:  675.00 KB
        Both:  1.55 MB

MaxMetaspaceSize: unlimited
CompressedClassSpaceSize: 1.00 GB
Initial GC threshold: 21.00 MB
Current GC threshold: 48.25 MB
CDS: on
MetaspaceReclaimPolicy: balanced
 - commit_granule_bytes: 65536.
 - commit_granule_words: 8192.
 - virtual_space_node_default_size: 8388608.
 - enlarge_chunks_in_place: 1.
 - new_chunks_are_fully_committed: 0.
 - uncommit_free_chunks: 1.
 - use_allocation_guard: 0.


Internal statistics:

num_allocs_failed_limit: 3.
num_arena_births: 916.
num_arena_deaths: 22.
num_vsnodes_births: 2.
num_vsnodes_deaths: 0.
num_space_committed: 483.
num_space_uncommitted: 0.
num_chunks_returned_to_freelist: 28.
num_chunks_taken_from_freelist: 2268.
num_chunk_merges: 3.
num_chunk_splits: 1430.
num_chunks_enlarged: 841.
num_inconsistent_stats: 0.

CodeHeap 'non-profiled nmethods': size=120000Kb used=6868Kb max_used=7893Kb free=113132Kb
 bounds [0x000001d7d7a10000, 0x000001d7d81d0000, 0x000001d7def40000]
CodeHeap 'profiled nmethods': size=120000Kb used=14371Kb max_used=14979Kb free=105628Kb
 bounds [0x000001d7cff40000, 0x000001d7d0e20000, 0x000001d7d7470000]
CodeHeap 'non-nmethods': size=5760Kb used=1388Kb max_used=1455Kb free=4371Kb
 bounds [0x000001d7d7470000, 0x000001d7d76e0000, 0x000001d7d7a10000]
 total_blobs=7279 nmethods=6671 adapters=517
 compilation: enabled
              stopped_count=0, restarted_count=0
 full_count=0

Compilation events (20 events):
Event: 945.572 Thread 0x000001d7e8c6d740 nmethod 9050 0x000001d7d042af10 code [0x000001d7d042b100, 0x000001d7d042b4a8]
Event: 945.572 Thread 0x000001d7e8c6d740 9051       3       org.python.pydev.ast.codecompletion.revisited.visitors.FindScopeVisitor::checkIfMainNode (23 bytes)
Event: 945.572 Thread 0x000001d7e8c6d740 nmethod 9051 0x000001d7d0036710 code [0x000001d7d00368c0, 0x000001d7d0036ac8]
Event: 945.574 Thread 0x000001d7e8c6d740 9052       3       org.python.pydev.ast.codecompletion.revisited.visitors.FindDefinitionModelVisitor::visitClassDef (59 bytes)
Event: 945.574 Thread 0x000001d7e8c6d740 nmethod 9052 0x000001d7d092af90 code [0x000001d7d092b1e0, 0x000001d7d092b938]
Event: 945.580 Thread 0x000001d7e8c6d740 9054       3       java.lang.StringLatin1::compareToCI (108 bytes)
Event: 945.581 Thread 0x000001d7e8c6d740 nmethod 9054 0x000001d7d05b3b10 code [0x000001d7d05b3d60, 0x000001d7d05b4638]
Event: 945.581 Thread 0x000001d7e8c6d740 9055       3       org.python.pydev.parser.visitors.scope.SequencialASTIteratorVisitor$1::visitFunctionDef (16 bytes)
Event: 945.581 Thread 0x000001d7e8c6d740 nmethod 9055 0x000001d7d09b0c10 code [0x000001d7d09b0e40, 0x000001d7d09b1648]
Event: 945.582 Thread 0x000001d7e8c6d740 9057       3       org.python.pydev.ast.codecompletion.revisited.visitors.GlobalModelVisitor::visitName (201 bytes)
Event: 945.584 Thread 0x000001d7e8c6d740 nmethod 9057 0x000001d7cff69b10 code [0x000001d7cff69e00, 0x000001d7cff6b448]
Event: 945.584 Thread 0x000001d7e8c6d740 9058       3       org.python.pydev.parser.visitors.scope.EasyAstIteratorBase::createEntry (42 bytes)
Event: 945.585 Thread 0x000001d7e8c6d740 nmethod 9058 0x000001d7d0b3a810 code [0x000001d7d0b3aa20, 0x000001d7d0b3b1c8]
Event: 945.585 Thread 0x000001d7e8c6d740 9059       3       org.python.pydev.parser.visitors.scope.SequencialASTIteratorVisitor::unhandled_node (14 bytes)
Event: 945.585 Thread 0x000001d7e8c6d740 nmethod 9059 0x000001d7d0452d90 code [0x000001d7d0452fa0, 0x000001d7d0453588]
Event: 945.585 Thread 0x000001d7e8c6d740 9060       3       java.util.concurrent.locks.ReentrantReadWriteLock::readLock (5 bytes)
Event: 945.585 Thread 0x000001d7e8c6d740 nmethod 9060 0x000001d7d0216910 code [0x000001d7d0216aa0, 0x000001d7d0216bb8]
Event: 945.591 Thread 0x000001d7e8c6d740 9061   !   3       org.python.pydev.parser.grammar310.PythonGrammar310TokenManager::jjMoveNfa_0 (7452 bytes)
Event: 945.596 Thread 0x000001d7e8c6c100 nmethod 9029 0x000001d7d7b6a590 code [0x000001d7d7b6a9e0, 0x000001d7d7b6d050]
Event: 945.596 Thread 0x000001d7e8c6c100 9053       4       org.python.pydev.parser.visitors.NodeUtils::getRepresentationString (543 bytes)

GC Heap History (20 events):
Event: 732.512 GC heap before
{Heap before GC invocations=91 (full 0):
 garbage-first heap   total 222208K, used 190691K [0x00000000c0000000, 0x0000000100000000)
  region size 1024K, 91 young (93184K), 5 survivors (5120K)
 Metaspace       used 29895K, committed 30848K, reserved 1114112K
  class space    used 2807K, committed 3264K, reserved 1048576K
}
Event: 732.519 GC heap after
{Heap after GC invocations=92 (full 0):
 garbage-first heap   total 222208K, used 103274K [0x00000000c0000000, 0x0000000100000000)
  region size 1024K, 6 young (6144K), 6 survivors (6144K)
 Metaspace       used 29895K, committed 30848K, reserved 1114112K
  class space    used 2807K, committed 3264K, reserved 1048576K
}
Event: 739.060 GC heap before
{Heap before GC invocations=92 (full 0):
 garbage-first heap   total 222208K, used 189290K [0x00000000c0000000, 0x0000000100000000)
  region size 1024K, 90 young (92160K), 6 survivors (6144K)
 Metaspace       used 29897K, committed 30848K, reserved 1114112K
  class space    used 2807K, committed 3264K, reserved 1048576K
}
Event: 739.068 GC heap after
{Heap after GC invocations=93 (full 0):
 garbage-first heap   total 222208K, used 103911K [0x00000000c0000000, 0x0000000100000000)
  region size 1024K, 6 young (6144K), 6 survivors (6144K)
 Metaspace       used 29897K, committed 30848K, reserved 1114112K
  class space    used 2807K, committed 3264K, reserved 1048576K
}
Event: 796.927 GC heap before
{Heap before GC invocations=93 (full 0):
 garbage-first heap   total 222208K, used 189927K [0x00000000c0000000, 0x0000000100000000)
  region size 1024K, 90 young (92160K), 6 survivors (6144K)
 Metaspace       used 29898K, committed 30848K, reserved 1114112K
  class space    used 2807K, committed 3264K, reserved 1048576K
}
Event: 796.946 GC heap after
{Heap after GC invocations=94 (full 0):
 garbage-first heap   total 222208K, used 104043K [0x00000000c0000000, 0x0000000100000000)
  region size 1024K, 6 young (6144K), 6 survivors (6144K)
 Metaspace       used 29898K, committed 30848K, reserved 1114112K
  class space    used 2807K, committed 3264K, reserved 1048576K
}
Event: 885.774 GC heap before
{Heap before GC invocations=94 (full 0):
 garbage-first heap   total 222208K, used 188011K [0x00000000c0000000, 0x0000000100000000)
  region size 1024K, 89 young (91136K), 6 survivors (6144K)
 Metaspace       used 29914K, committed 30848K, reserved 1114112K
  class space    used 2807K, committed 3264K, reserved 1048576K
}
Event: 885.784 GC heap after
{Heap after GC invocations=95 (full 0):
 garbage-first heap   total 222208K, used 103249K [0x00000000c0000000, 0x0000000100000000)
  region size 1024K, 6 young (6144K), 6 survivors (6144K)
 Metaspace       used 29914K, committed 30848K, reserved 1114112K
  class space    used 2807K, committed 3264K, reserved 1048576K
}
Event: 902.657 GC heap before
{Heap before GC invocations=95 (full 0):
 garbage-first heap   total 222208K, used 189265K [0x00000000c0000000, 0x0000000100000000)
  region size 1024K, 90 young (92160K), 6 survivors (6144K)
 Metaspace       used 29914K, committed 30848K, reserved 1114112K
  class space    used 2807K, committed 3264K, reserved 1048576K
}
Event: 902.675 GC heap after
{Heap after GC invocations=96 (full 0):
 garbage-first heap   total 222208K, used 103862K [0x00000000c0000000, 0x0000000100000000)
  region size 1024K, 6 young (6144K), 6 survivors (6144K)
 Metaspace       used 29914K, committed 30848K, reserved 1114112K
  class space    used 2807K, committed 3264K, reserved 1048576K
}
Event: 922.261 GC heap before
{Heap before GC invocations=96 (full 0):
 garbage-first heap   total 222208K, used 189878K [0x00000000c0000000, 0x0000000100000000)
  region size 1024K, 90 young (92160K), 6 survivors (6144K)
 Metaspace       used 29921K, committed 30848K, reserved 1114112K
  class space    used 2808K, committed 3264K, reserved 1048576K
}
Event: 922.265 GC heap after
{Heap after GC invocations=97 (full 0):
 garbage-first heap   total 222208K, used 100609K [0x00000000c0000000, 0x0000000100000000)
  region size 1024K, 3 young (3072K), 3 survivors (3072K)
 Metaspace       used 29921K, committed 30848K, reserved 1114112K
  class space    used 2808K, committed 3264K, reserved 1048576K
}
Event: 925.259 GC heap before
{Heap before GC invocations=97 (full 0):
 garbage-first heap   total 222208K, used 190721K [0x00000000c0000000, 0x0000000100000000)
  region size 1024K, 91 young (93184K), 3 survivors (3072K)
 Metaspace       used 29922K, committed 30848K, reserved 1114112K
  class space    used 2808K, committed 3264K, reserved 1048576K
}
Event: 925.262 GC heap after
{Heap after GC invocations=98 (full 0):
 garbage-first heap   total 222208K, used 100536K [0x00000000c0000000, 0x0000000100000000)
  region size 1024K, 3 young (3072K), 3 survivors (3072K)
 Metaspace       used 29922K, committed 30848K, reserved 1114112K
  class space    used 2808K, committed 3264K, reserved 1048576K
}
Event: 928.430 GC heap before
{Heap before GC invocations=98 (full 0):
 garbage-first heap   total 222208K, used 191672K [0x00000000c0000000, 0x0000000100000000)
  region size 1024K, 92 young (94208K), 3 survivors (3072K)
 Metaspace       used 29923K, committed 30848K, reserved 1114112K
  class space    used 2808K, committed 3264K, reserved 1048576K
}
Event: 928.436 GC heap after
{Heap after GC invocations=99 (full 0):
 garbage-first heap   total 222208K, used 103525K [0x00000000c0000000, 0x0000000100000000)
  region size 1024K, 6 young (6144K), 6 survivors (6144K)
 Metaspace       used 29923K, committed 30848K, reserved 1114112K
  class space    used 2808K, committed 3264K, reserved 1048576K
}
Event: 936.930 GC heap before
{Heap before GC invocations=99 (full 0):
 garbage-first heap   total 222208K, used 190565K [0x00000000c0000000, 0x0000000100000000)
  region size 1024K, 91 young (93184K), 6 survivors (6144K)
 Metaspace       used 29940K, committed 30848K, reserved 1114112K
  class space    used 2808K, committed 3264K, reserved 1048576K
}
Event: 936.945 GC heap after
{Heap after GC invocations=100 (full 0):
 garbage-first heap   total 222208K, used 103507K [0x00000000c0000000, 0x0000000100000000)
  region size 1024K, 6 young (6144K), 6 survivors (6144K)
 Metaspace       used 29940K, committed 30848K, reserved 1114112K
  class space    used 2808K, committed 3264K, reserved 1048576K
}
Event: 945.497 GC heap before
{Heap before GC invocations=100 (full 0):
 garbage-first heap   total 222208K, used 189523K [0x00000000c0000000, 0x0000000100000000)
  region size 1024K, 91 young (93184K), 6 survivors (6144K)
 Metaspace       used 29957K, committed 30912K, reserved 1114112K
  class space    used 2808K, committed 3264K, reserved 1048576K
}
Event: 945.505 GC heap after
{Heap after GC invocations=101 (full 0):
 garbage-first heap   total 222208K, used 105708K [0x00000000c0000000, 0x0000000100000000)
  region size 1024K, 8 young (8192K), 8 survivors (8192K)
 Metaspace       used 29957K, committed 30912K, reserved 1114112K
  class space    used 2808K, committed 3264K, reserved 1048576K
}

Dll operation events (10 events):
Event: 0.008 Loaded shared library C:\Users\mchen\.pydev_vscode\java19\jdk-19.0.2+7-jre\bin\java.dll
Event: 0.019 Loaded shared library C:\Users\mchen\.pydev_vscode\java19\jdk-19.0.2+7-jre\bin\jsvml.dll
Event: 0.088 Loaded shared library C:\Users\mchen\.pydev_vscode\java19\jdk-19.0.2+7-jre\bin\net.dll
Event: 0.091 Loaded shared library C:\Users\mchen\.pydev_vscode\java19\jdk-19.0.2+7-jre\bin\nio.dll
Event: 0.096 Loaded shared library C:\Users\mchen\.pydev_vscode\java19\jdk-19.0.2+7-jre\bin\zip.dll
Event: 0.192 Loaded shared library C:\Users\mchen\.pydev_vscode\java19\jdk-19.0.2+7-jre\bin\jimage.dll
Event: 0.746 Loaded shared library C:\Users\mchen\.vscode\extensions\fabioz.vscode-pydev-0.15.3\server\plugins\org.eclipse.equinox.launcher.win32.win32.x86_64_1.2.900.v20240213-1244\eclipse_11900.dll
Event: 1.285 Loaded shared library C:\Users\mchen\.vscode\extensions\fabioz.vscode-pydev-0.15.3\server\config_win\org.eclipse.osgi\13\0\.cp\os\win32\x86_64\localfile_1_0_0.dll
Event: 1.346 Loaded shared library C:\Users\mchen\.vscode\extensions\fabioz.vscode-pydev-0.15.3\server\config_win\org.eclipse.osgi\16\0\.cp\os\win32\x86_64\win32refresh.dll
Event: 67.268 Loaded shared library C:\Users\mchen\.pydev_vscode\java19\jdk-19.0.2+7-jre\bin\extnet.dll

Deoptimization events (20 events):
Event: 945.583 Thread 0x000001d7e9505f90 Uncommon trap: trap_request=0xffffff45 fr.pc=0x000001d7d81afaa4 relative=0x00000000000016a4
Event: 945.583 Thread 0x000001d7e9505f90 Uncommon trap: reason=unstable_if action=reinterpret pc=0x000001d7d81afaa4 method=org.python.pydev.parser.visitors.scope.EasyAstIteratorBase.createEntry()Lorg/python/pydev/parser/visitors/scope/ASTEntry; @ 7 c2
Event: 945.583 Thread 0x000001d7e9505f90 DEOPT PACKING pc=0x000001d7d81afaa4 sp=0x000000d505cfd6c0
Event: 945.583 Thread 0x000001d7e9505f90 DEOPT UNPACKING pc=0x000001d7d74da5a3 sp=0x000000d505cfd5d8 mode 2
Event: 945.591 Thread 0x000001d7e9505f90 Uncommon trap: trap_request=0xffffff45 fr.pc=0x000001d7d81291a4 relative=0x0000000000002e44
Event: 945.591 Thread 0x000001d7e9505f90 Uncommon trap: reason=unstable_if action=reinterpret pc=0x000001d7d81291a4 method=org.python.pydev.parser.grammar310.PythonGrammar310TokenManager.jjMoveNfa_0(II)I @ 72 c2
Event: 945.591 Thread 0x000001d7e9505f90 DEOPT PACKING pc=0x000001d7d81291a4 sp=0x000000d505cfd770
Event: 945.591 Thread 0x000001d7e9505f90 DEOPT UNPACKING pc=0x000001d7d74da5a3 sp=0x000000d505cfd708 mode 2
Event: 945.609 Thread 0x000001d7e9505f90 Uncommon trap: trap_request=0xffffffde fr.pc=0x000001d7d81a3150 relative=0x00000000000002f0
Event: 945.609 Thread 0x000001d7e9505f90 Uncommon trap: reason=class_check action=maybe_recompile pc=0x000001d7d81a3150 method=org.python.pydev.parser.jython.ast.Call.traverse(Lorg/python/pydev/parser/jython/ast/VisitorIF;)V @ 132 c2
Event: 945.609 Thread 0x000001d7e9505f90 DEOPT PACKING pc=0x000001d7d81a3150 sp=0x000000d505cfdf30
Event: 945.609 Thread 0x000001d7e9505f90 DEOPT UNPACKING pc=0x000001d7d74da5a3 sp=0x000000d505cfdec0 mode 2
Event: 945.609 Thread 0x000001d7e9505f90 Uncommon trap: trap_request=0xffffffde fr.pc=0x000001d7d81a3150 relative=0x00000000000002f0
Event: 945.609 Thread 0x000001d7e9505f90 Uncommon trap: reason=class_check action=maybe_recompile pc=0x000001d7d81a3150 method=org.python.pydev.parser.jython.ast.Call.traverse(Lorg/python/pydev/parser/jython/ast/VisitorIF;)V @ 132 c2
Event: 945.609 Thread 0x000001d7e9505f90 DEOPT PACKING pc=0x000001d7d81a3150 sp=0x000000d505cfde10
Event: 945.609 Thread 0x000001d7e9505f90 DEOPT UNPACKING pc=0x000001d7d74da5a3 sp=0x000000d505cfdda0 mode 2
Event: 945.609 Thread 0x000001d7e9505f90 Uncommon trap: trap_request=0xffffffc6 fr.pc=0x000001d7d81a312c relative=0x00000000000002cc
Event: 945.609 Thread 0x000001d7e9505f90 Uncommon trap: reason=bimorphic_or_optimized_type_check action=maybe_recompile pc=0x000001d7d81a312c method=org.python.pydev.parser.jython.ast.Call.traverse(Lorg/python/pydev/parser/jython/ast/VisitorIF;)V @ 12 c2
Event: 945.609 Thread 0x000001d7e9505f90 DEOPT PACKING pc=0x000001d7d81a312c sp=0x000000d505cfdfb0
Event: 945.609 Thread 0x000001d7e9505f90 DEOPT UNPACKING pc=0x000001d7d74da5a3 sp=0x000000d505cfdf40 mode 2

Classes loaded (20 events):
Event: 144.771 Loading class java/lang/foreign/MemorySegment
Event: 144.771 Loading class java/lang/foreign/Addressable
Event: 144.772 Loading class java/lang/foreign/Addressable done
Event: 144.772 Loading class java/lang/foreign/MemorySegment done
Event: 213.995 Loading class java/io/FileReader
Event: 213.995 Loading class java/io/FileReader done
Event: 307.224 Loading class java/io/DataOutputStream
Event: 307.226 Loading class java/io/DataOutputStream done
Event: 307.255 Loading class sun/nio/cs/ISO_8859_1$Encoder
Event: 307.256 Loading class sun/nio/cs/ISO_8859_1$Encoder done
Event: 307.256 Loading class sun/nio/cs/Surrogate$Parser
Event: 307.256 Loading class sun/nio/cs/Surrogate$Parser done
Event: 307.257 Loading class sun/nio/cs/Surrogate
Event: 307.257 Loading class sun/nio/cs/Surrogate done
Event: 455.249 Loading class sun/reflect/misc/ReflectUtil
Event: 455.249 Loading class sun/reflect/misc/ReflectUtil done
Event: 459.342 Loading class java/util/concurrent/ConcurrentHashMap$TreeBin
Event: 459.343 Loading class java/util/concurrent/ConcurrentHashMap$TreeBin done
Event: 459.343 Loading class java/util/AbstractMap$SimpleEntry
Event: 459.344 Loading class java/util/AbstractMap$SimpleEntry done

Classes unloaded (11 events):
Event: 145.318 Thread 0x000001d7e4a42520 Unloading class 0x0000000800ebc800 'java/lang/invoke/LambdaForm$MH+0x0000000800ebc800'
Event: 145.318 Thread 0x000001d7e4a42520 Unloading class 0x0000000800ebbc00 'java/lang/invoke/LambdaForm$DMH+0x0000000800ebbc00'
Event: 145.318 Thread 0x000001d7e4a42520 Unloading class 0x0000000800ebb400 'java/lang/invoke/LambdaForm$MH+0x0000000800ebb400'
Event: 145.318 Thread 0x000001d7e4a42520 Unloading class 0x0000000800ebac00 'java/lang/invoke/LambdaForm$DMH+0x0000000800ebac00'
Event: 145.318 Thread 0x000001d7e4a42520 Unloading class 0x0000000800eba000 'java/lang/invoke/LambdaForm$MH+0x0000000800eba000'
Event: 145.318 Thread 0x000001d7e4a42520 Unloading class 0x0000000800eb9800 'java/lang/invoke/LambdaForm$MH+0x0000000800eb9800'
Event: 145.318 Thread 0x000001d7e4a42520 Unloading class 0x0000000800eb9000 'java/lang/invoke/LambdaForm$MH+0x0000000800eb9000'
Event: 145.318 Thread 0x000001d7e4a42520 Unloading class 0x0000000800eb8800 'java/lang/invoke/LambdaForm$MH+0x0000000800eb8800'
Event: 145.318 Thread 0x000001d7e4a42520 Unloading class 0x0000000800eb8000 'java/lang/invoke/LambdaForm$MH+0x0000000800eb8000'
Event: 145.318 Thread 0x000001d7e4a42520 Unloading class 0x0000000800eb5c00 'java/lang/invoke/LambdaForm$DMH+0x0000000800eb5c00'
Event: 145.318 Thread 0x000001d7e4a42520 Unloading class 0x0000000800eb4400 'java/lang/invoke/LambdaForm$MH+0x0000000800eb4400'

Classes redefined (0 events):
No events

Internal exceptions (20 events):
Event: 61.067 Thread 0x000001d7ea723630 Exception <a 'java/io/FileNotFoundException'{0x00000000c9b2a7e8}> (0x00000000c9b2a7e8) 
thrown [s\src\hotspot\share\prims\jni.cpp, line 517]
Event: 61.068 Thread 0x000001d7ea723630 Exception <a 'java/io/FileNotFoundException'{0x00000000c9b2b7b0}> (0x00000000c9b2b7b0) 
thrown [s\src\hotspot\share\prims\jni.cpp, line 517]
Event: 61.068 Thread 0x000001d7ea723630 Exception <a 'java/io/FileNotFoundException'{0x00000000c9b2c4f8}> (0x00000000c9b2c4f8) 
thrown [s\src\hotspot\share\prims\jni.cpp, line 517]
Event: 66.631 Thread 0x000001d7ea7260b0 Implicit null exception at 0x000001d7d7d3337f to 0x000001d7d7d357a0
Event: 66.759 Thread 0x000001d7ea7260b0 Exception <a 'java/lang/ArrayIndexOutOfBoundsException'{0x00000000c72a9af0}: Index 8969 out of bounds for length 8969> (0x00000000c72a9af0) 
thrown [s\src\hotspot\share\interpreter\interpreterRuntime.cpp, line 432]
Event: 66.781 Thread 0x000001d7ea7260b0 Implicit null exception at 0x000001d7d7a41564 to 0x000001d7d7a4163c
Event: 66.857 Thread 0x000001d7ea7260b0 Exception <a 'java/lang/ArrayIndexOutOfBoundsException'{0x00000000c71e1fc8}: Index 5337 out of bounds for length 5337> (0x00000000c71e1fc8) 
thrown [s\src\hotspot\share\interpreter\interpreterRuntime.cpp, line 432]
Event: 144.531 Thread 0x000001d7ea723b80 Exception <a 'java/lang/IncompatibleClassChangeError'{0x00000000ca6d6468}: Found class java.lang.Object, but interface was expected> (0x00000000ca6d6468) 
thrown [s\src\hotspot\share\interpreter\linkResolver.cpp, line 841]
Event: 144.823 Thread 0x000001d7e95084c0 Implicit null exception at 0x000001d7d7e547d1 to 0x000001d7d7e549a0
Event: 146.327 Thread 0x000001d7ea725b60 Implicit null exception at 0x000001d7d7fc8973 to 0x000001d7d7fc8b04
Event: 213.979 Thread 0x000001d7ea7240d0 Exception <a 'java/io/IOException'{0x00000000cbad7dd8}: CreateProcess error=2, The system cannot find the file specified> (0x00000000cbad7dd8) 
thrown [s\src\hotspot\share\prims\jni.cpp, line 536]
Event: 295.431 Thread 0x000001d7ea7240d0 Exception <a 'java/io/IOException'{0x00000000cbd00330}: CreateProcess error=2, The system cannot find the file specified> (0x00000000cbd00330) 
thrown [s\src\hotspot\share\prims\jni.cpp, line 536]
Event: 407.911 Thread 0x000001d7ea7240d0 Exception <a 'java/io/IOException'{0x00000000cb700068}: CreateProcess error=2, The system cannot find the file specified> (0x00000000cb700068) 
thrown [s\src\hotspot\share\prims\jni.cpp, line 536]
Event: 459.345 Thread 0x000001d7e95094b0 Exception <a 'java/lang/NoSuchMethodError'{0x00000000c811f0d0}: 'java.lang.Object java.lang.invoke.DirectMethodHandle$Holder.invokeStatic(java.lang.Object, int, java.lang.Object)'> (0x00000000c811f0d0) 
thrown [s\src\hotspot\share\interpreter\linkResolver.cpp, line 774]
Event: 459.599 Thread 0x000001d7e9505f90 Exception <a 'java/lang/NoSuchMethodError'{0x00000000c7509f58}: 'int java.lang.invoke.DirectMethodHandle$Holder.invokeVirtual(java.lang.Object, java.lang.Object, java.lang.Object)'> (0x00000000c7509f58) 
thrown [s\src\hotspot\share\interpreter\linkResolver.cpp, line 774]
Event: 527.208 Thread 0x000001d7ea7250c0 Implicit null exception at 0x000001d7d802b5c8 to 0x000001d7d802bf54
Event: 527.349 Thread 0x000001d7ea7250c0 Implicit null exception at 0x000001d7d7d8b3c2 to 0x000001d7d7d901bc
Event: 671.335 Thread 0x000001d7ea7240d0 Exception <a 'java/io/IOException'{0x00000000ca2aa938}: CreateProcess error=2, The system cannot find the file specified> (0x00000000ca2aa938) 
thrown [s\src\hotspot\share\prims\jni.cpp, line 536]
Event: 751.590 Thread 0x000001d7ea7240d0 Exception <a 'java/io/IOException'{0x00000000c9ee1450}: CreateProcess error=2, The system cannot find the file specified> (0x00000000c9ee1450) 
thrown [s\src\hotspot\share\prims\jni.cpp, line 536]
Event: 897.839 Thread 0x000001d7ea7240d0 Exception <a 'java/io/IOException'{0x00000000c9756c50}: CreateProcess error=2, The system cannot find the file specified> (0x00000000c9756c50) 
thrown [s\src\hotspot\share\prims\jni.cpp, line 536]

VM Operations (20 events):
Event: 920.182 Executing VM operation: Cleanup
Event: 920.182 Executing VM operation: Cleanup done
Event: 922.183 Executing VM operation: Cleanup
Event: 922.183 Executing VM operation: Cleanup done
Event: 922.261 Executing VM operation: G1CollectForAllocation
Event: 922.265 Executing VM operation: G1CollectForAllocation done
Event: 923.270 Executing VM operation: Cleanup
Event: 923.270 Executing VM operation: Cleanup done
Event: 924.270 Executing VM operation: Cleanup
Event: 924.271 Executing VM operation: Cleanup done
Event: 925.259 Executing VM operation: G1CollectForAllocation
Event: 925.262 Executing VM operation: G1CollectForAllocation done
Event: 928.263 Executing VM operation: Cleanup
Event: 928.263 Executing VM operation: Cleanup done
Event: 928.430 Executing VM operation: G1CollectForAllocation
Event: 928.436 Executing VM operation: G1CollectForAllocation done
Event: 936.930 Executing VM operation: G1CollectForAllocation
Event: 936.945 Executing VM operation: G1CollectForAllocation done
Event: 945.497 Executing VM operation: G1CollectForAllocation
Event: 945.505 Executing VM operation: G1CollectForAllocation done

Events (20 events):
Event: 920.194 Thread 0x000001d7e8c6f940 flushing nmethod 0x000001d7d0a7b910
Event: 920.194 Thread 0x000001d7e8c6f940 flushing nmethod 0x000001d7d0aa6790
Event: 920.194 Thread 0x000001d7e8c6f940 flushing nmethod 0x000001d7d0ad6710
Event: 920.194 Thread 0x000001d7e8c6f940 flushing nmethod 0x000001d7d0af2490
Event: 920.194 Thread 0x000001d7e8c6f940 flushing nmethod 0x000001d7d0b07610
Event: 920.194 Thread 0x000001d7e8c6f940 flushing nmethod 0x000001d7d0b3a810
Event: 920.194 Thread 0x000001d7e8c6f940 flushing nmethod 0x000001d7d0b40410
Event: 920.195 Thread 0x000001d7e8c6f940 flushing nmethod 0x000001d7d0c93f90
Event: 920.195 Thread 0x000001d7e8c6f940 flushing nmethod 0x000001d7d0cfca10
Event: 920.195 Thread 0x000001d7e8c6f940 flushing nmethod 0x000001d7d0d12d90
Event: 920.947 Thread 0x000001d7e95064e0 Thread added: 0x000001d7e95064e0
Event: 920.959 Thread 0x000001d7e95064e0 Thread exited: 0x000001d7e95064e0
Event: 921.338 Thread 0x000001d7e9508a10 Thread added: 0x000001d7e9508a10
Event: 922.497 Thread 0x000001d7e95054f0 Thread added: 0x000001d7e95054f0
Event: 922.512 Thread 0x000001d7e95054f0 Thread exited: 0x000001d7e95054f0
Event: 923.581 Thread 0x000001d7e95054f0 Thread added: 0x000001d7e95054f0
Event: 923.582 Thread 0x000001d7e95054f0 Thread exited: 0x000001d7e95054f0
Event: 927.159 Thread 0x000001d7e95054f0 Thread added: 0x000001d7e95054f0
Event: 945.510 Thread 0x000001d7e8c6b050 Thread added: 0x000001d7e8c6b050
Event: 945.532 Thread 0x000001d7e8c6c100 Thread added: 0x000001d7e8c6c100


Dynamic libraries:
0x00007ff60e9c0000 - 0x00007ff60e9ce000 	C:\Users\mchen\.pydev_vscode\java19\jdk-19.0.2+7-jre\bin\java.exe
0x00007ff97ff80000 - 0x00007ff9801e8000 	C:\WINDOWS\SYSTEM32\ntdll.dll
0x00007ff97e3b0000 - 0x00007ff97e479000 	C:\WINDOWS\System32\KERNEL32.DLL
0x00007ff97d610000 - 0x00007ff97d9fd000 	C:\WINDOWS\System32\KERNELBASE.dll
0x00007ff97d0d0000 - 0x00007ff97d21b000 	C:\WINDOWS\System32\ucrtbase.dll
0x00007ff9520b0000 - 0x00007ff9520c7000 	C:\Users\mchen\.pydev_vscode\java19\jdk-19.0.2+7-jre\bin\jli.dll
0x00007ff94c3b0000 - 0x00007ff94c3c9000 	C:\Users\mchen\.pydev_vscode\java19\jdk-19.0.2+7-jre\bin\VCRUNTIME140.dll
0x00007ff97dd50000 - 0x00007ff97df1c000 	C:\WINDOWS\System32\USER32.dll
0x00007ff97d5e0000 - 0x00007ff97d607000 	C:\WINDOWS\System32\win32u.dll
0x00007ff963f10000 - 0x00007ff9641aa000 	C:\WINDOWS\WinSxS\amd64_microsoft.windows.common-controls_6595b64144ccf1df_6.0.26100.4484_none_3e0e6d4ce32ef3b3\COMCTL32.dll
0x00007ff97f890000 - 0x00007ff97f8bb000 	C:\WINDOWS\System32\GDI32.dll
0x00007ff97df80000 - 0x00007ff97e029000 	C:\WINDOWS\System32\msvcrt.dll
0x00007ff97dab0000 - 0x00007ff97dbe7000 	C:\WINDOWS\System32\gdi32full.dll
0x00007ff97da00000 - 0x00007ff97daa3000 	C:\WINDOWS\System32\msvcp_win.dll
0x00007ff97e2a0000 - 0x00007ff97e2cf000 	C:\WINDOWS\System32\IMM32.DLL
0x00007ff95a310000 - 0x00007ff95a31c000 	C:\Users\mchen\.pydev_vscode\java19\jdk-19.0.2+7-jre\bin\vcruntime140_1.dll
0x00007ff920b60000 - 0x00007ff920bf1000 	C:\Users\mchen\.pydev_vscode\java19\jdk-19.0.2+7-jre\bin\msvcp140.dll
0x00007ff906c40000 - 0x00007ff907931000 	C:\Users\mchen\.pydev_vscode\java19\jdk-19.0.2+7-jre\bin\server\jvm.dll
0x00007ff97f650000 - 0x00007ff97f704000 	C:\WINDOWS\System32\ADVAPI32.dll
0x00007ff97e820000 - 0x00007ff97e8c6000 	C:\WINDOWS\System32\sechost.dll
0x00007ff97ec60000 - 0x00007ff97ed78000 	C:\WINDOWS\System32\RPCRT4.dll
0x00007ff952980000 - 0x00007ff95298a000 	C:\WINDOWS\SYSTEM32\WSOCK32.dll
0x00007ff97f810000 - 0x00007ff97f884000 	C:\WINDOWS\System32\WS2_32.dll
0x00007ff971610000 - 0x00007ff97161b000 	C:\WINDOWS\SYSTEM32\VERSION.dll
0x00007ff9717e0000 - 0x00007ff971815000 	C:\WINDOWS\SYSTEM32\WINMM.dll
0x00007ff97bf90000 - 0x00007ff97bfab000 	C:\WINDOWS\SYSTEM32\kernel.appcore.dll
0x00007ff955800000 - 0x00007ff95580a000 	C:\Users\mchen\.pydev_vscode\java19\jdk-19.0.2+7-jre\bin\jimage.dll
0x00007ff97a7e0000 - 0x00007ff97aa21000 	C:\WINDOWS\SYSTEM32\DBGHELP.DLL
0x00007ff97e480000 - 0x00007ff97e806000 	C:\WINDOWS\System32\combase.dll
0x00007ff97fd50000 - 0x00007ff97fe30000 	C:\WINDOWS\System32\OLEAUT32.dll
0x00007ff95c4d0000 - 0x00007ff95c513000 	C:\WINDOWS\SYSTEM32\dbgcore.DLL
0x00007ff97dc80000 - 0x00007ff97dd19000 	C:\WINDOWS\System32\bcryptPrimitives.dll
0x00007ff94c2e0000 - 0x00007ff94c306000 	C:\Users\mchen\.pydev_vscode\java19\jdk-19.0.2+7-jre\bin\java.dll
0x00007ff90bd50000 - 0x00007ff90be26000 	C:\Users\mchen\.pydev_vscode\java19\jdk-19.0.2+7-jre\bin\jsvml.dll
0x00007ff97ed90000 - 0x00007ff97f4da000 	C:\WINDOWS\System32\SHELL32.dll
0x00007ff97d460000 - 0x00007ff97d5d4000 	C:\WINDOWS\System32\wintypes.dll
0x00007ff97acf0000 - 0x00007ff97b54b000 	C:\WINDOWS\SYSTEM32\windows.storage.dll
0x00007ff97f710000 - 0x00007ff97f805000 	C:\WINDOWS\System32\SHCORE.dll
0x00007ff97fec0000 - 0x00007ff97ff2a000 	C:\WINDOWS\System32\shlwapi.dll
0x00007ff97cfe0000 - 0x00007ff97d00f000 	C:\WINDOWS\SYSTEM32\profapi.dll
0x00007ff94c2c0000 - 0x00007ff94c2d3000 	C:\Users\mchen\.pydev_vscode\java19\jdk-19.0.2+7-jre\bin\net.dll
0x00007ff9735f0000 - 0x00007ff97370e000 	C:\WINDOWS\SYSTEM32\WINHTTP.dll
0x00007ff97c520000 - 0x00007ff97c58a000 	C:\WINDOWS\system32\mswsock.dll
0x00007ff94c0e0000 - 0x00007ff94c0f6000 	C:\Users\mchen\.pydev_vscode\java19\jdk-19.0.2+7-jre\bin\nio.dll
0x00007ff94c0c0000 - 0x00007ff94c0d8000 	C:\Users\mchen\.pydev_vscode\java19\jdk-19.0.2+7-jre\bin\zip.dll
0x00007ff949dc0000 - 0x00007ff949dfe000 	C:\Users\mchen\.vscode\extensions\fabioz.vscode-pydev-0.15.3\server\plugins\org.eclipse.equinox.launcher.win32.win32.x86_64_1.2.900.v20240213-1244\eclipse_11900.dll
0x00007ff97e8d0000 - 0x00007ff97ea6e000 	C:\WINDOWS\System32\ole32.dll
0x0000000180000000 - 0x0000000180012000 	C:\Users\mchen\.vscode\extensions\fabioz.vscode-pydev-0.15.3\server\config_win\org.eclipse.osgi\13\0\.cp\os\win32\x86_64\localfile_1_0_0.dll
0x00007ff94b320000 - 0x00007ff94b33b000 	C:\Users\mchen\.vscode\extensions\fabioz.vscode-pydev-0.15.3\server\config_win\org.eclipse.osgi\16\0\.cp\os\win32\x86_64\win32refresh.dll
0x00007ff97c7d0000 - 0x00007ff97c7dc000 	C:\WINDOWS\SYSTEM32\CRYPTBASE.DLL
0x00007ff95bd60000 - 0x00007ff95bd68000 	C:\Users\mchen\.pydev_vscode\java19\jdk-19.0.2+7-jre\bin\extnet.dll

dbghelp: loaded successfully - version: 4.0.5 - missing functions: none
symbol engine: initialized successfully - sym options: 0x614 - pdb path: .;C:\Users\mchen\.pydev_vscode\java19\jdk-19.0.2+7-jre\bin;C:\WINDOWS\SYSTEM32;C:\WINDOWS\WinSxS\amd64_microsoft.windows.common-controls_6595b64144ccf1df_6.0.26100.4484_none_3e0e6d4ce32ef3b3;C:\Users\mchen\.pydev_vscode\java19\jdk-19.0.2+7-jre\bin\server;C:\Users\mchen\.vscode\extensions\fabioz.vscode-pydev-0.15.3\server\plugins\org.eclipse.equinox.launcher.win32.win32.x86_64_1.2.900.v20240213-1244;C:\Users\mchen\.vscode\extensions\fabioz.vscode-pydev-0.15.3\server\config_win\org.eclipse.osgi\13\0\.cp\os\win32\x86_64;C:\Users\mchen\.vscode\extensions\fabioz.vscode-pydev-0.15.3\server\config_win\org.eclipse.osgi\16\0\.cp\os\win32\x86_64

VM Arguments:
jvm_args: --add-modules=ALL-SYSTEM --add-opens=java.base/java.util=ALL-UNNAMED --add-opens=java.base/java.lang=ALL-UNNAMED -Declipse.application=org.python.pydev.pydev_lsp.application -Dosgi.bundles.defaultStartLevel=4 -Declipse.product=org.python.pydev.pydev_lsp.product -Xmx1G -XX:+UseG1GC -XX:+UseStringDeduplication 
java_command: c:\Users\mchen\.vscode\extensions\fabioz.vscode-pydev-0.15.3\server\plugins\org.eclipse.equinox.launcher_1.6.700.v20240213-1244.jar -configuration c:\Users\mchen\.vscode\extensions\fabioz.vscode-pydev-0.15.3\server\config_win -data c:\Users\mchen\AppData\Roaming\Code\User\workspaceStorage\77566d568e0684a8cd6537688c36c214\fabioz.vscode-pydev\pydev_ws
java_class_path (initial): c:\Users\mchen\.vscode\extensions\fabioz.vscode-pydev-0.15.3\server\plugins\org.eclipse.equinox.launcher_1.6.700.v20240213-1244.jar
Launcher Type: SUN_STANDARD

[Global flags]
     intx CICompilerCount                          = 4                                         {product} {ergonomic}
     uint ConcGCThreads                            = 2                                         {product} {ergonomic}
     uint G1ConcRefinementThreads                  = 8                                         {product} {ergonomic}
   size_t G1HeapRegionSize                         = 1048576                                   {product} {ergonomic}
    uintx GCDrainStackTargetSize                   = 64                                        {product} {ergonomic}
   size_t InitialHeapSize                          = 264241152                                 {product} {ergonomic}
   size_t MarkStackSize                            = 4194304                                   {product} {ergonomic}
   size_t MaxHeapSize                              = 1073741824                                {product} {command line}
   size_t MaxNewSize                               = 643825664                                 {product} {ergonomic}
   size_t MinHeapDeltaBytes                        = 1048576                                   {product} {ergonomic}
   size_t MinHeapSize                              = 8388608                                   {product} {ergonomic}
    uintx NonNMethodCodeHeapSize                   = 5839372                                {pd product} {ergonomic}
    uintx NonProfiledCodeHeapSize                  = 122909434                              {pd product} {ergonomic}
    uintx ProfiledCodeHeapSize                     = 122909434                              {pd product} {ergonomic}
    uintx ReservedCodeCacheSize                    = 251658240                              {pd product} {ergonomic}
     bool SegmentedCodeCache                       = true                                      {product} {ergonomic}
   size_t SoftMaxHeapSize                          = 1073741824                             {manageable} {ergonomic}
     bool UseCompressedClassPointers               = true                           {product lp64_product} {ergonomic}
     bool UseCompressedOops                        = true                           {product lp64_product} {ergonomic}
     bool UseG1GC                                  = true                                      {product} {command line}
     bool UseLargePagesIndividualAllocation        = false                                  {pd product} {ergonomic}
     bool UseStringDeduplication                   = true                                      {product} {command line}

Logging:
Log output configuration:
 #0: stdout all=warning uptime,level,tags foldmultilines=false
 #1: stderr all=off uptime,level,tags foldmultilines=false

Environment Variables:
PATH=C:\Users\mchen\miniconda3\Scripts;C:\Program Files\nodejs\;C:\Program Files\dotnet\;C:\Program Files\Git\cmd;C:\Program Files\Microsoft SQL Server\Client SDK\ODBC\170\Tools\Binn\;C:\Program Files\Microsoft SQL Server\160\DTS\Binn\;C:\Users\mchen\AppData\Local\Programs\Python\Launcher\;C:\Users\mchen\AppData\Local\Programs\Python\Python310\Scripts\;C:\Users\mchen\AppData\Local\Programs\Python\Python310\;C:\Program Files\MySQL\MySQL Shell 8.0\bin\;C:\Users\mchen\AppData\Local\Programs\Python\Python313\Scripts\;C:\Users\mchen\AppData\Local\Programs\Python\Python313\;C:\Users\mchen\AppData\Local\Microsoft\WindowsApps;C:\Users\mchen\AppData\Local\Programs\Microsoft VS Code\bin;C:\Program Files\JetBrains\PyCharm Community Edition 2024.2.4\bin;;C:\Users\mchen\.dotnet\tools;C:\Users\mchen\AppData\Local\GitHubDesktop\bin;C:\Users\mchen\AppData\Local\Microsoft\WinGet\Packages\Schniz.fnm_Microsoft.Winget.Source_8wekyb3d8bbwe;C:\Users\mchen\AppData\Roaming\npm;C:\Program Files\nodejs;
USERNAME=mchen
OS=Windows_NT
PROCESSOR_IDENTIFIER=Intel64 Family 6 Model 140 Stepping 2, GenuineIntel
TMP=C:\Users\mchen\AppData\Local\Temp
TEMP=C:\Users\mchen\AppData\Local\Temp



---------------  S Y S T E M  ---------------

OS:
 Windows 11 , 64 bit Build 26100 (10.0.26100.4484)
OS uptime: 1 days 22:37 hours
Hyper-V role detected

CPU: total 8 (initial active 8) (4 cores per cpu, 2 threads per core) family 6 model 140 stepping 2 microcode 0x34, cx8, cmov, fxsr, ht, mmx, 3dnowpref, sse, sse2, sse3, ssse3, sse4.1, sse4.2, popcnt, lzcnt, tsc, tscinvbit, avx, avx2, aes, erms, clmul, bmi1, bmi2, adx, avx512f, avx512dq, avx512cd, avx512bw, avx512vl, sha, fma, vzeroupper, avx512_vpopcntdq, avx512_vpclmulqdq, avx512_vaes, avx512_vnni, clflush, clflushopt, clwb, avx512_vbmi2, avx512_vbmi, hv, rdtscp, rdpid, fsrm, gfni, avx512_bitalg

Memory: 4k page, system-wide physical 16122M (2337M free)
TotalPageFile size 25120M (AvailPageFile size 5M)
current process WorkingSet (physical memory assigned to process): 323M, peak: 410M
current process commit charge ("private bytes"): 429M, peak: 441M

vm_info: OpenJDK 64-Bit Server VM (19.0.2+7) for windows-amd64 JRE (19.0.2+7), built on 2023-01-17T00:00:00Z by "temurin" with MS VC++ 16.7 (VS2019)

END.
